Component: ARM Compiler 5.06 update 7 (build 960) Tool: armlink [4d3601]

==============================================================================

Section Cross References

    startup_stm32l476xx.o(RESET) refers to startup_stm32l476xx.o(STACK) for __initial_sp
    startup_stm32l476xx.o(RESET) refers to startup_stm32l476xx.o(.text) for Reset_Handler
    startup_stm32l476xx.o(RESET) refers to stm32l4xx_it.o(i.NMI_Handler) for NMI_Handler
    startup_stm32l476xx.o(RESET) refers to stm32l4xx_it.o(i.HardFault_Handler) for HardFault_Handler
    startup_stm32l476xx.o(RESET) refers to stm32l4xx_it.o(i.MemManage_Handler) for MemManage_Handler
    startup_stm32l476xx.o(RESET) refers to stm32l4xx_it.o(i.BusFault_Handler) for BusFault_Handler
    startup_stm32l476xx.o(RESET) refers to stm32l4xx_it.o(i.UsageFault_Handler) for UsageFault_Handler
    startup_stm32l476xx.o(RESET) refers to stm32l4xx_it.o(i.SVC_Handler) for SVC_Handler
    startup_stm32l476xx.o(RESET) refers to stm32l4xx_it.o(i.DebugMon_Handler) for DebugMon_Handler
    startup_stm32l476xx.o(RESET) refers to stm32l4xx_it.o(i.PendSV_Handler) for PendSV_Handler
    startup_stm32l476xx.o(RESET) refers to stm32l4xx_it.o(i.SysTick_Handler) for SysTick_Handler
    startup_stm32l476xx.o(RESET) refers to stm32l4xx_it.o(i.EXTI2_IRQHandler) for EXTI2_IRQHandler
    startup_stm32l476xx.o(RESET) refers to stm32l4xx_it.o(i.EXTI3_IRQHandler) for EXTI3_IRQHandler
    startup_stm32l476xx.o(RESET) refers to stm32l4xx_it.o(i.EXTI4_IRQHandler) for EXTI4_IRQHandler
    startup_stm32l476xx.o(RESET) refers to stm32l4xx_it.o(i.EXTI9_5_IRQHandler) for EXTI9_5_IRQHandler
    startup_stm32l476xx.o(RESET) refers to stm32l4xx_it.o(i.TIM2_IRQHandler) for TIM2_IRQHandler
    startup_stm32l476xx.o(RESET) refers to stm32l4xx_it.o(i.TIM3_IRQHandler) for TIM3_IRQHandler
    startup_stm32l476xx.o(RESET) refers to stm32l4xx_it.o(i.USART2_IRQHandler) for USART2_IRQHandler
    startup_stm32l476xx.o(.text) refers to system_stm32l4xx.o(i.SystemInit) for SystemInit
    startup_stm32l476xx.o(.text) refers to entry.o(.ARM.Collect$$$$00000000) for __main
    main.o(i.SystemClock_Config) refers to memseta.o(.text) for __aeabi_memclr4
    main.o(i.SystemClock_Config) refers to stm32l4xx_hal_pwr_ex.o(i.HAL_PWREx_ControlVoltageScaling) for HAL_PWREx_ControlVoltageScaling
    main.o(i.SystemClock_Config) refers to stm32l4xx_hal_pwr.o(i.HAL_PWR_EnableBkUpAccess) for HAL_PWR_EnableBkUpAccess
    main.o(i.SystemClock_Config) refers to stm32l4xx_hal_rcc.o(i.HAL_RCC_OscConfig) for HAL_RCC_OscConfig
    main.o(i.SystemClock_Config) refers to stm32l4xx_hal_rcc.o(i.HAL_RCC_ClockConfig) for HAL_RCC_ClockConfig
    main.o(i.main) refers to stm32l4xx_hal.o(i.HAL_Init) for HAL_Init
    main.o(i.main) refers to main.o(i.SystemClock_Config) for SystemClock_Config
    main.o(i.main) refers to gpio.o(i.MX_GPIO_Init) for MX_GPIO_Init
    main.o(i.main) refers to rtc.o(i.MX_RTC_Init) for MX_RTC_Init
    main.o(i.main) refers to usart.o(i.MX_USART2_UART_Init) for MX_USART2_UART_Init
    main.o(i.main) refers to tim.o(i.MX_TIM2_Init) for MX_TIM2_Init
    main.o(i.main) refers to tim.o(i.MX_TIM3_Init) for MX_TIM3_Init
    main.o(i.main) refers to delay.o(i.DelayInit) for DelayInit
    main.o(i.main) refers to gpio.o(i.GpioInit) for GpioInit
    main.o(i.main) refers to lcd_st7920.o(i.LCD_ST7920_Init) for LCD_ST7920_Init
    main.o(i.main) refers to stm32l4xx_hal_gpio.o(i.HAL_GPIO_WritePin) for HAL_GPIO_WritePin
    main.o(i.main) refers to lcd_st7920.o(i.LCDClrDisplay) for LCDClrDisplay
    main.o(i.main) refers to usart.o(i.USART2_BUF_INIT) for USART2_BUF_INIT
    main.o(i.main) refers to low_pwr.o(i.LOW_PWR_Init) for LOW_PWR_Init
    main.o(i.main) refers to stm32l4xx_hal_rtc.o(i.HAL_RTC_GetTime) for HAL_RTC_GetTime
    main.o(i.main) refers to stm32l4xx_hal_rtc.o(i.HAL_RTC_GetDate) for HAL_RTC_GetDate
    main.o(i.main) refers to printfa.o(i.__0printf) for __2printf
    main.o(i.main) refers to lcd_st7920.o(i.LCD_Display) for LCD_Display
    main.o(i.main) refers to led.o(i.LED_TOGGLE) for LED_TOGGLE
    main.o(i.main) refers to usart.o(.bss) for rxbuf_struct
    main.o(i.main) refers to low_pwr.o(.data) for low_pwr_struct
    main.o(i.main) refers to rtc.o(.bss) for Time
    main.o(i.main) refers to rtc.o(.bss) for hrtc
    main.o(i.main) refers to rtc.o(.data) for Date
    gpio.o(i.GpioInit) refers to memseta.o(.text) for __aeabi_memclr4
    gpio.o(i.GpioInit) refers to stm32l4xx_hal_gpio.o(i.HAL_GPIO_WritePin) for HAL_GPIO_WritePin
    gpio.o(i.GpioInit) refers to stm32l4xx_hal_gpio.o(i.HAL_GPIO_Init) for HAL_GPIO_Init
    gpio.o(i.MX_GPIO_Init) refers to memseta.o(.text) for __aeabi_memclr4
    gpio.o(i.MX_GPIO_Init) refers to stm32l4xx_hal_gpio.o(i.HAL_GPIO_WritePin) for HAL_GPIO_WritePin
    gpio.o(i.MX_GPIO_Init) refers to stm32l4xx_hal_gpio.o(i.HAL_GPIO_Init) for HAL_GPIO_Init
    gpio.o(i.MX_GPIO_Init) refers to stm32l4xx_hal_cortex.o(i.HAL_NVIC_SetPriority) for HAL_NVIC_SetPriority
[...]
    ../clib/microlib/init/entry.s            0x00000000   Number         0  entry10b.o ABSOLUTE
    ../clib/microlib/init/entry.s            0x00000000   Number         0  entry.o ABSOLUTE
    ../clib/microlib/longlong.c              0x00000000   Number         0  llushr.o ABSOLUTE
    ../clib/microlib/longlong.c              0x00000000   Number         0  llsshr.o ABSOLUTE
    ../clib/microlib/longlong.c              0x00000000   Number         0  llshl.o ABSOLUTE
    ../clib/microlib/printf/printf.c         0x00000000   Number         0  printfa.o ABSOLUTE
    ../clib/microlib/printf/printf.c         0x00000000   Number         0  printf6.o ABSOLUTE
    ../clib/microlib/printf/printf.c         0x00000000   Number         0  printfb.o ABSOLUTE
    ../clib/microlib/printf/printf.c         0x00000000   Number         0  printf2.o ABSOLUTE
    ../clib/microlib/printf/printf.c         0x00000000   Number         0  printf0.o ABSOLUTE
    ../clib/microlib/printf/printf.c         0x00000000   Number         0  printf8.o ABSOLUTE
    ../clib/microlib/printf/printf.c         0x00000000   Number         0  printf7.o ABSOLUTE
    ../clib/microlib/printf/printf.c         0x00000000   Number         0  printf3.o ABSOLUTE
    ../clib/microlib/printf/printf.c         0x00000000   Number         0  printf4.o ABSOLUTE
    ../clib/microlib/printf/printf.c         0x00000000   Number         0  printf5.o ABSOLUTE
    ../clib/microlib/printf/printf.c         0x00000000   Number         0  printf1.o ABSOLUTE
    ../clib/microlib/printf/stubs.s          0x00000000   Number         0  stubs.o ABSOLUTE
    ../clib/microlib/stdio/streams.c         0x00000000   Number         0  stdout.o ABSOLUTE
    ../clib/microlib/string/memset.c         0x00000000   Number         0  memseta.o ABSOLUTE
    ../clib/microlib/stubs.s                 0x00000000   Number         0  iusefp.o ABSOLUTE
    ../fplib/microlib/d2f.c                  0x00000000   Number         0  d2f.o ABSOLUTE
    ../fplib/microlib/f2d.c                  0x00000000   Number         0  f2d.o ABSOLUTE
    ../fplib/microlib/fpadd.c                0x00000000   Number         0  dadd.o ABSOLUTE
    ../fplib/microlib/fpdiv.c                0x00000000   Number         0  ddiv.o ABSOLUTE
    ../fplib/microlib/fpepilogue.c           0x00000000   Number         0  depilogue.o ABSOLUTE
    ../fplib/microlib/fpepilogue.c           0x00000000   Number         0  fepilogue.o ABSOLUTE
    ../fplib/microlib/fpfix.c                0x00000000   Number         0  dfixul.o ABSOLUTE
    ../fplib/microlib/fpmul.c                0x00000000   Number         0  dmul.o ABSOLUTE
    ..\Core\Src\gpio.c                       0x00000000   Number         0  gpio.o ABSOLUTE
    ..\Core\Src\main.c                       0x00000000   Number         0  main.o ABSOLUTE
    ..\Core\Src\rtc.c                        0x00000000   Number         0  rtc.o ABSOLUTE
    ..\Core\Src\stm32l4xx_hal_msp.c          0x00000000   Number         0  stm32l4xx_hal_msp.o ABSOLUTE
    ..\Core\Src\stm32l4xx_it.c               0x00000000   Number         0  stm32l4xx_it.o ABSOLUTE
    ..\Core\Src\system_stm32l4xx.c           0x00000000   Number         0  system_stm32l4xx.o ABSOLUTE
    ..\Core\Src\tim.c                        0x00000000   Number         0  tim.o ABSOLUTE
    ..\Core\Src\usart.c                      0x00000000   Number         0  usart.o ABSOLUTE
    ..\Drivers\STM32L4xx_HAL_Driver\Src\stm32l4xx_hal.c 0x00000000   Number         0  stm32l4xx_hal.o ABSOLUTE
    ..\Drivers\STM32L4xx_HAL_Driver\Src\stm32l4xx_hal_cortex.c 0x00000000   Number         0  stm32l4xx_hal_cortex.o ABSOLUTE
    ..\Drivers\STM32L4xx_HAL_Driver\Src\stm32l4xx_hal_dma.c 0x00000000   Number         0  stm32l4xx_hal_dma.o ABSOLUTE
    ..\Drivers\STM32L4xx_HAL_Driver\Src\stm32l4xx_hal_dma_ex.c 0x00000000   Number         0  stm32l4xx_hal_dma_ex.o ABSOLUTE
    ..\Drivers\STM32L4xx_HAL_Driver\Src\stm32l4xx_hal_exti.c 0x00000000   Number         0  stm32l4xx_hal_exti.o ABSOLUTE
    ..\Drivers\STM32L4xx_HAL_Driver\Src\stm32l4xx_hal_flash.c 0x00000000   Number         0  stm32l4xx_hal_flash.o ABSOLUTE
    ..\Drivers\STM32L4xx_HAL_Driver\Src\stm32l4xx_hal_flash_ex.c 0x00000000   Number         0  stm32l4xx_hal_flash_ex.o ABSOLUTE
    ..\Drivers\STM32L4xx_HAL_Driver\Src\stm32l4xx_hal_flash_ramfunc.c 0x00000000   Number         0  stm32l4xx_hal_flash_ramfunc.o ABSOLUTE
    ..\Drivers\STM32L4xx_HAL_Driver\Src\stm32l4xx_hal_gpio.c 0x00000000   Number         0  stm32l4xx_hal_gpio.o ABSOLUTE
    ..\Drivers\STM32L4xx_HAL_Driver\Src\stm32l4xx_hal_i2c.c 0x00000000   Number         0  stm32l4xx_hal_i2c.o ABSOLUTE
    ..\Drivers\STM32L4xx_HAL_Driver\Src\stm32l4xx_hal_i2c_ex.c 0x00000000   Number         0  stm32l4xx_hal_i2c_ex.o ABSOLUTE
    ..\Drivers\STM32L4xx_HAL_Driver\Src\stm32l4xx_hal_pwr.c 0x00000000   Number         0  stm32l4xx_hal_pwr.o ABSOLUTE
    ..\Drivers\STM32L4xx_HAL_Driver\Src\stm32l4xx_hal_pwr_ex.c 0x00000000   Number         0  stm32l4xx_hal_pwr_ex.o ABSOLUTE
    ..\Drivers\STM32L4xx_HAL_Driver\Src\stm32l4xx_hal_rcc.c 0x00000000   Number         0  stm32l4xx_hal_rcc.o ABSOLUTE
    ..\Drivers\STM32L4xx_HAL_Driver\Src\stm32l4xx_hal_rcc_ex.c 0x00000000   Number         0  stm32l4xx_hal_rcc_ex.o ABSOLUTE
    ..\Drivers\STM32L4xx_HAL_Driver\Src\stm32l4xx_hal_rtc.c 0x00000000   Number         0  stm32l4xx_hal_rtc.o ABSOLUTE
    ..\Drivers\STM32L4xx_HAL_Driver\Src\stm32l4xx_hal_rtc_ex.c 0x00000000   Number         0  stm32l4xx_hal_rtc_ex.o ABSOLUTE
    ..\Drivers\STM32L4xx_HAL_Driver\Src\stm32l4xx_hal_tim.c 0x00000000   Number         0  stm32l4xx_hal_tim.o ABSOLUTE
    ..\Drivers\STM32L4xx_HAL_Driver\Src\stm32l4xx_hal_tim_ex.c 0x00000000   Number         0  stm32l4xx_hal_tim_ex.o ABSOLUTE
    ..\Drivers\STM32L4xx_HAL_Driver\Src\stm32l4xx_hal_uart.c 0x00000000   Number         0  stm32l4xx_hal_uart.o ABSOLUTE
    ..\Drivers\STM32L4xx_HAL_Driver\Src\stm32l4xx_hal_uart_ex.c 0x00000000   Number         0  stm32l4xx_hal_uart_ex.o ABSOLUTE
    ..\User\delay.c                          0x00000000   Number         0  delay.o ABSOLUTE
    ..\User\key.c                            0x00000000   Number         0  key.o ABSOLUTE
    ..\User\lcd_st7920.c                     0x00000000   Number         0  lcd_st7920.o ABSOLUTE
    ..\User\led.c                            0x00000000   Number         0  led.o ABSOLUTE
    ..\User\low_pwr.c                        0x00000000   Number         0  low_pwr.o ABSOLUTE
    ..\User\status.c                         0x00000000   Number         0  status.o ABSOLUTE
    ..\User\sys.c                            0x00000000   Number         0  sys.o ABSOLUTE
    ..\\User\\delay.c                        0x00000000   Number         0  delay.o ABSOLUTE
    ..\\User\\key.c                          0x00000000   Number         0  key.o ABSOLUTE
    ..\\User\\lcd_st7920.c                   0x00000000   Number         0  lcd_st7920.o ABSOLUTE
    ..\\User\\led.c                          0x00000000   Number         0  led.o ABSOLUTE
    ..\\User\\low_pwr.c                      0x00000000   Number         0  low_pwr.o ABSOLUTE
    ..\\User\\status.c                       0x00000000   Number         0  status.o ABSOLUTE
    ..\\User\\sys.c                          0x00000000   Number         0  sys.o ABSOLUTE
    cdrcmple.s                               0x00000000   Number         0  cdrcmple.o ABSOLUTE
    dc.s                                     0x00000000   Number         0  dc.o ABSOLUTE
    handlers.s                               0x00000000   Number         0  handlers.o ABSOLUTE
    init.s                                   0x00000000   Number         0  init.o ABSOLUTE
    startup_stm32l476xx.s                    0x00000000   Number         0  startup_stm32l476xx.o ABSOLUTE
    RESET                                    0x08000000   Section      392  startup_stm32l476xx.o(RESET)
    .ARM.Collect$$$$00000000                 0x08000188   Section        0  entry.o(.ARM.Collect$$$$00000000)
    .ARM.Collect$$$$00000001                 0x08000188   Section        4  entry2.o(.ARM.Collect$$$$00000001)
    .ARM.Collect$$$$00000004                 0x0800018c   Section        4  entry5.o(.ARM.Collect$$$$00000004)
    .ARM.Collect$$$$00000008                 0x08000190   Section        0  entry7b.o(.ARM.Collect$$$$00000008)
    .ARM.Collect$$$$0000000A                 0x08000190   Section        0  entry8b.o(.ARM.Collect$$$$0000000A)
    .ARM.Collect$$$$0000000B                 0x08000190   Section        8  entry9a.o(.ARM.Collect$$$$0000000B)
    .ARM.Collect$$$$0000000E                 0x08000198   Section        4  entry12b.o(.ARM.Collect$$$$0000000E)
    .ARM.Collect$$$$0000000F                 0x0800019c   Section        0  entry10a.o(.ARM.Collect$$$$0000000F)
    .ARM.Collect$$$$00000011                 0x0800019c   Section        0  entry11a.o(.ARM.Collect$$$$00000011)
    .ARM.Collect$$$$00002712                 0x0800019c   Section        4  entry2.o(.ARM.Collect$$$$00002712)
    __lit__00000000                          0x0800019c   Data           4  entry2.o(.ARM.Collect$$$$00002712)
    .text                                    0x080001a0   Section       36  startup_stm32l476xx.o(.text)
    $v0                                      0x080001a0   Number         0  startup_stm32l476xx.o(.text)
    .text                                    0x080001c4   Section        0  uldiv.o(.text)
    .text                                    0x0800022c   Section        0  memseta.o(.text)
    .text                                    0x08000250   Section        0  dmul.o(.text)
    .text                                    0x0800033a   Section        0  f2d.o(.text)
    .text                                    0x08000360   Section        0  d2f.o(.text)
    .text                                    0x08000398   Section        0  uidiv.o(.text)
    .text                                    0x080003c4   Section        0  llshl.o(.text)
    .text                                    0x080003e2   Section        0  llushr.o(.text)
    .text                                    0x08000402   Section        0  fepilogue.o(.text)
    .text                                    0x08000402   Section        0  iusefp.o(.text)
    .text                                    0x08000470   Section        0  depilogue.o(.text)
    .text                                    0x0800052a   Section        0  dadd.o(.text)
    .text                                    0x08000688   Section        0  ddiv.o(.text)
    .text                                    0x08000766   Section        0  dfixul.o(.text)
    .text                                    0x08000798   Section       48  cdrcmple.o(.text)
    .text                                    0x080007c8   Section       36  init.o(.text)
    .text                                    0x080007ec   Section        0  llsshr.o(.text)
    i.BusFault_Handler                       0x08000810   Section        0  stm32l4xx_it.o(i.BusFault_Handler)
    i.Chk_Busy                               0x08000814   Section        0  lcd_st7920.o(i.Chk_Busy)
    i.DebugMon_Handler                       0x08000870   Section        0  stm32l4xx_it.o(i.DebugMon_Handler)
    i.DelayInit                              0x08000874   Section        0  delay.o(i.DelayInit)
    i.DelayMs                                0x08000890   Section        0  delay.o(i.DelayMs)
    i.DelayUs                                0x080008c4   Section        0  delay.o(i.DelayUs)
    i.EXTI2_IRQHandler                       0x080008f8   Section        0  stm32l4xx_it.o(i.EXTI2_IRQHandler)
    i.EXTI3_IRQHandler                       0x08000908   Section        0  stm32l4xx_it.o(i.EXTI3_IRQHandler)
    i.EXTI4_IRQHandler                       0x08000918   Section        0  stm32l4xx_it.o(i.EXTI4_IRQHandler)
    i.EXTI9_5_IRQHandler                     0x08000928   Section        0  stm32l4xx_it.o(i.EXTI9_5_IRQHandler)
    i.Error_Handler                          0x0800094c   Section        0  main.o(i.Error_Handler)
    i.GetKeyValue                            0x08000950   Section        0  key.o(i.GetKeyValue)
    i.GpioInit                               0x0800099c   Section        0  gpio.o(i.GpioInit)
    i.HAL_DMA_Abort                          0x08000b28   Section        0  stm32l4xx_hal_dma.o(i.HAL_DMA_Abort)
    i.HAL_DMA_Abort_IT                       0x08000b72   Section        0  stm32l4xx_hal_dma.o(i.HAL_DMA_Abort_IT)
    i.HAL_GPIO_EXTI_Callback                 0x08000bc0   Section        0  stm32l4xx_hal_gpio.o(i.HAL_GPIO_EXTI_Callback)
    i.HAL_GPIO_EXTI_IRQHandler               0x08000bc4   Section        0  stm32l4xx_hal_gpio.o(i.HAL_GPIO_EXTI_IRQHandler)
    i.HAL_GPIO_Init                          0x08000bdc   Section        0  stm32l4xx_hal_gpio.o(i.HAL_GPIO_Init)
    i.HAL_GPIO_ReadPin                       0x08000dfa   Section        0  stm32l4xx_hal_gpio.o(i.HAL_GPIO_ReadPin)
    i.HAL_GPIO_WritePin                      0x08000e04   Section        0  stm32l4xx_hal_gpio.o(i.HAL_GPIO_WritePin)
    i.HAL_GetTick                            0x08000e10   Section        0  stm32l4xx_hal.o(i.HAL_GetTick)
    i.HAL_IncTick                            0x08000e1c   Section        0  stm32l4xx_hal.o(i.HAL_IncTick)
    i.HAL_Init                               0x08000e2c   Section        0  stm32l4xx_hal.o(i.HAL_Init)
    i.HAL_InitTick                           0x08000e4c   Section        0  stm32l4xx_hal.o(i.HAL_InitTick)
    i.HAL_MspInit                            0x08000e90   Section        0  stm32l4xx_hal_msp.o(i.HAL_MspInit)
    i.HAL_NVIC_EnableIRQ                     0x08000ebc   Section        0  stm32l4xx_hal_cortex.o(i.HAL_NVIC_EnableIRQ)
    i.HAL_NVIC_SetPriority                   0x08000ed8   Section        0  stm32l4xx_hal_cortex.o(i.HAL_NVIC_SetPriority)
    i.HAL_NVIC_SetPriorityGrouping           0x08000f18   Section        0  stm32l4xx_hal_cortex.o(i.HAL_NVIC_SetPriorityGrouping)
    i.HAL_PWREx_ControlVoltageScaling        0x08000f3c   Section        0  stm32l4xx_hal_pwr_ex.o(i.HAL_PWREx_ControlVoltageScaling)
    i.HAL_PWREx_GetVoltageRange              0x08000fa4   Section        0  stm32l4xx_hal_pwr_ex.o(i.HAL_PWREx_GetVoltageRange)
    i.HAL_PWR_EnableBkUpAccess               0x08000fb4   Section        0  stm32l4xx_hal_pwr.o(i.HAL_PWR_EnableBkUpAccess)
    i.HAL_RCCEx_PeriphCLKConfig              0x08000fc4   Section        0  stm32l4xx_hal_rcc_ex.o(i.HAL_RCCEx_PeriphCLKConfig)
    i.HAL_RCC_ClockConfig                    0x08001374   Section        0  stm32l4xx_hal_rcc.o(i.HAL_RCC_ClockConfig)
    i.HAL_RCC_GetPCLK1Freq                   0x080014b8   Section        0  stm32l4xx_hal_rcc.o(i.HAL_RCC_GetPCLK1Freq)
    i.HAL_RCC_GetPCLK2Freq                   0x080014dc   Section        0  stm32l4xx_hal_rcc.o(i.HAL_RCC_GetPCLK2Freq)
    i.HAL_RCC_GetSysClockFreq                0x08001500   Section        0  stm32l4xx_hal_rcc.o(i.HAL_RCC_GetSysClockFreq)
    i.HAL_RCC_OscConfig                      0x080015a4   Section        0  stm32l4xx_hal_rcc.o(i.HAL_RCC_OscConfig)
    i.HAL_RTC_GetDate                        0x08001abc   Section        0  stm32l4xx_hal_rtc.o(i.HAL_RTC_GetDate)
    i.HAL_RTC_GetTime                        0x08001b00   Section        0  stm32l4xx_hal_rtc.o(i.HAL_RTC_GetTime)
    i.HAL_RTC_Init                           0x08001b54   Section        0  stm32l4xx_hal_rtc.o(i.HAL_RTC_Init)
    i.HAL_RTC_MspDeInit                      0x08001c04   Section        0  rtc.o(i.HAL_RTC_MspDeInit)
    i.HAL_RTC_MspInit                        0x08001c24   Section        0  rtc.o(i.HAL_RTC_MspInit)
    i.HAL_RTC_SetDate                        0x08001c68   Section        0  stm32l4xx_hal_rtc.o(i.HAL_RTC_SetDate)
    i.HAL_RTC_SetTime                        0x08001d08   Section        0  stm32l4xx_hal_rtc.o(i.HAL_RTC_SetTime)
    i.HAL_RTC_WaitForSynchro                 0x08001dd4   Section        0  stm32l4xx_hal_rtc.o(i.HAL_RTC_WaitForSynchro)
    i.HAL_SYSTICK_CLKSourceConfig            0x08001e0c   Section        0  stm32l4xx_hal_cortex.o(i.HAL_SYSTICK_CLKSourceConfig)
    i.HAL_SYSTICK_Config                     0x08001e24   Section        0  stm32l4xx_hal_cortex.o(i.HAL_SYSTICK_Config)
    i.HAL_TIMEx_Break2Callback               0x08001e4c   Section        0  stm32l4xx_hal_tim_ex.o(i.HAL_TIMEx_Break2Callback)
    i.HAL_TIMEx_BreakCallback                0x08001e4e   Section        0  stm32l4xx_hal_tim_ex.o(i.HAL_TIMEx_BreakCallback)
    i.HAL_TIMEx_CommutCallback               0x08001e50   Section        0  stm32l4xx_hal_tim_ex.o(i.HAL_TIMEx_CommutCallback)
    i.HAL_TIMEx_MasterConfigSynchronization  0x08001e54   Section        0  stm32l4xx_hal_tim_ex.o(i.HAL_TIMEx_MasterConfigSynchronization)
    i.HAL_TIM_Base_Init                      0x08001ef0   Section        0  stm32l4xx_hal_tim.o(i.HAL_TIM_Base_Init)
    i.HAL_TIM_Base_MspInit                   0x08001f54   Section        0  tim.o(i.HAL_TIM_Base_MspInit)
    i.HAL_TIM_Base_Start_IT                  0x08001fb4   Section        0  stm32l4xx_hal_tim.o(i.HAL_TIM_Base_Start_IT)
    i.HAL_TIM_ConfigClockSource              0x08002034   Section        0  stm32l4xx_hal_tim.o(i.HAL_TIM_ConfigClockSource)
    i.HAL_TIM_IC_CaptureCallback             0x08002114   Section        0  stm32l4xx_hal_tim.o(i.HAL_TIM_IC_CaptureCallback)
    i.HAL_TIM_IRQHandler                     0x08002116   Section        0  stm32l4xx_hal_tim.o(i.HAL_TIM_IRQHandler)
    i.HAL_TIM_OC_DelayElapsedCallback        0x0800225c   Section        0  stm32l4xx_hal_tim.o(i.HAL_TIM_OC_DelayElapsedCallback)
    i.HAL_TIM_PWM_PulseFinishedCallback      0x0800225e   Section        0  stm32l4xx_hal_tim.o(i.HAL_TIM_PWM_PulseFinishedCallback)
    i.HAL_TIM_PeriodElapsedCallback          0x08002260   Section        0  tim.o(i.HAL_TIM_PeriodElapsedCallback)
    i.HAL_TIM_TriggerCallback                0x080023b8   Section        0  stm32l4xx_hal_tim.o(i.HAL_TIM_TriggerCallback)
    i.HAL_UARTEx_ReceiveToIdle_IT            0x080023ba   Section        0  stm32l4xx_hal_uart_ex.o(i.HAL_UARTEx_ReceiveToIdle_IT)
    i.HAL_UARTEx_RxEventCallback             0x08002408   Section        0  stm32l4xx_it.o(i.HAL_UARTEx_RxEventCallback)
    i.HAL_UARTEx_WakeupCallback              0x080024ac   Section        0  stm32l4xx_hal_uart_ex.o(i.HAL_UARTEx_WakeupCallback)
    i.HAL_UART_ErrorCallback                 0x080024ae   Section        0  stm32l4xx_hal_uart.o(i.HAL_UART_ErrorCallback)
    i.HAL_UART_IRQHandler                    0x080024b0   Section        0  stm32l4xx_hal_uart.o(i.HAL_UART_IRQHandler)
    i.HAL_UART_Init                          0x08002768   Section        0  stm32l4xx_hal_uart.o(i.HAL_UART_Init)
    i.HAL_UART_MspInit                       0x080027d0   Section        0  usart.o(i.HAL_UART_MspInit)
    i.HAL_UART_RxCpltCallback                0x08002858   Section        0  stm32l4xx_hal_uart.o(i.HAL_UART_RxCpltCallback)
    i.HAL_UART_TxCpltCallback                0x0800285a   Section        0  stm32l4xx_hal_uart.o(i.HAL_UART_TxCpltCallback)
    i.HardFault_Handler                      0x0800285c   Section        0  stm32l4xx_it.o(i.HardFault_Handler)
    i.KeyDeal                                0x08002860   Section        0  key.o(i.KeyDeal)
    i.LCDClrDisplay                          0x08002930   Section        0  lcd_st7920.o(i.LCDClrDisplay)
    i.LCD_Display                            0x08002944   Section        0  lcd_st7920.o(i.LCD_Display)
    i.LCD_ST7920_DataIO_Set_In               0x08002a2c   Section        0  lcd_st7920.o(i.LCD_ST7920_DataIO_Set_In)
    i.LCD_ST7920_DataIO_Set_Out              0x08002a54   Section        0  lcd_st7920.o(i.LCD_ST7920_DataIO_Set_Out)
    i.LCD_ST7920_DeInit                      0x08002a84   Section        0  lcd_st7920.o(i.LCD_ST7920_DeInit)
    i.LCD_ST7920_Init                        0x08002ac0   Section        0  lcd_st7920.o(i.LCD_ST7920_Init)
    i.LCD_ST7920_SetAddress                  0x08002b14   Section        0  lcd_st7920.o(i.LCD_ST7920_SetAddress)
    i.LCD_ST7920_ShowStr                     0x08002b56   Section        0  lcd_st7920.o(i.LCD_ST7920_ShowStr)
    i.LCD_ST7920_WriteCmd                    0x08002b74   Section        0  lcd_st7920.o(i.LCD_ST7920_WriteCmd)
    i.LCD_ST7920_WriteData                   0x08002bd8   Section        0  lcd_st7920.o(i.LCD_ST7920_WriteData)
    i.LED_TOGGLE                             0x08002c38   Section        0  led.o(i.LED_TOGGLE)
    i.LOW_PWR_Enter                          0x08002c68   Section        0  low_pwr.o(i.LOW_PWR_Enter)
    i.LOW_PWR_Exit                           0x08002c6c   Section        0  low_pwr.o(i.LOW_PWR_Exit)
    i.LOW_PWR_Init                           0x08002c70   Section        0  low_pwr.o(i.LOW_PWR_Init)
    i.MX_GPIO_Init                           0x08002c80   Section        0  gpio.o(i.MX_GPIO_Init)
    i.MX_RTC_Init                            0x08002d44   Section        0  rtc.o(i.MX_RTC_Init)
    i.MX_TIM2_Init                           0x08002dc8   Section        0  tim.o(i.MX_TIM2_Init)
    i.MX_TIM3_Init                           0x08002e34   Section        0  tim.o(i.MX_TIM3_Init)
    i.MX_USART2_UART_Init                    0x08002ea0   Section        0  usart.o(i.MX_USART2_UART_Init)
    i.MemManage_Handler                      0x08002efc   Section        0  stm32l4xx_it.o(i.MemManage_Handler)
    i.NMI_Handler                            0x08002efe   Section        0  stm32l4xx_it.o(i.NMI_Handler)
    i.PendSV_Handler                         0x08002f00   Section        0  stm32l4xx_it.o(i.PendSV_Handler)
    i.Protocal_DATE                          0x08002f04   Section        0  usart.o(i.Protocal_DATE)
    i.Protocal_TIME                          0x08002f98   Section        0  usart.o(i.Protocal_TIME)
    i.RCCEx_PLLSAI1_Config                   0x08003004   Section        0  stm32l4xx_hal_rcc_ex.o(i.RCCEx_PLLSAI1_Config)
    RCCEx_PLLSAI1_Config                     0x08003005   Thumb Code   278  stm32l4xx_hal_rcc_ex.o(i.RCCEx_PLLSAI1_Config)
    i.RCCEx_PLLSAI2_Config                   0x08003130   Section        0  stm32l4xx_hal_rcc_ex.o(i.RCCEx_PLLSAI2_Config)
    RCCEx_PLLSAI2_Config                     0x08003131   Thumb Code   250  stm32l4xx_hal_rcc_ex.o(i.RCCEx_PLLSAI2_Config)
    i.RCC_SetFlashLatencyFromMSIRange        0x08003238   Section        0  stm32l4xx_hal_rcc.o(i.RCC_SetFlashLatencyFromMSIRange)
    RCC_SetFlashLatencyFromMSIRange          0x08003239   Thumb Code   116  stm32l4xx_hal_rcc.o(i.RCC_SetFlashLatencyFromMSIRange)
    i.RTC_Bcd2ToByte                         0x080032b4   Section        0  stm32l4xx_hal_rtc.o(i.RTC_Bcd2ToByte)
    i.RTC_ByteToBcd2                         0x080032c6   Section        0  stm32l4xx_hal_rtc.o(i.RTC_ByteToBcd2)
    i.RTC_EnterInitMode                      0x080032e0   Section        0  stm32l4xx_hal_rtc.o(i.RTC_EnterInitMode)
    i.RTC_ExitInitMode                       0x08003328   Section        0  stm32l4xx_hal_rtc.o(i.RTC_ExitInitMode)
    i.SVC_Handler                            0x08003380   Section        0  stm32l4xx_it.o(i.SVC_Handler)
    i.SysTick_Handler                        0x08003382   Section        0  stm32l4xx_it.o(i.SysTick_Handler)
    i.SystemClock_Config                     0x08003388   Section        0  main.o(i.SystemClock_Config)
    i.SystemInit                             0x08003414   Section        0  system_stm32l4xx.o(i.SystemInit)
    i.TIM2_IRQHandler                        0x08003424   Section        0  stm32l4xx_it.o(i.TIM2_IRQHandler)
    i.TIM3_IRQHandler                        0x08003430   Section        0  stm32l4xx_it.o(i.TIM3_IRQHandler)
    i.TIM_Base_SetConfig                     0x0800343c   Section        0  stm32l4xx_hal_tim.o(i.TIM_Base_SetConfig)
    i.TIM_ETR_SetConfig                      0x080034fc   Section        0  stm32l4xx_hal_tim.o(i.TIM_ETR_SetConfig)
    i.TIM_ITRx_SetConfig                     0x08003510   Section        0  stm32l4xx_hal_tim.o(i.TIM_ITRx_SetConfig)
    TIM_ITRx_SetConfig                       0x08003511   Thumb Code    16  stm32l4xx_hal_tim.o(i.TIM_ITRx_SetConfig)
    i.TIM_TI1_ConfigInputStage               0x08003520   Section        0  stm32l4xx_hal_tim.o(i.TIM_TI1_ConfigInputStage)
    TIM_TI1_ConfigInputStage                 0x08003521   Thumb Code    34  stm32l4xx_hal_tim.o(i.TIM_TI1_ConfigInputStage)
    i.TIM_TI2_ConfigInputStage               0x08003542   Section        0  stm32l4xx_hal_tim.o(i.TIM_TI2_ConfigInputStage)
    TIM_TI2_ConfigInputStage                 0x08003543   Thumb Code    36  stm32l4xx_hal_tim.o(i.TIM_TI2_ConfigInputStage)
    i.UART_AdvFeatureConfig                  0x08003566   Section        0  stm32l4xx_hal_uart.o(i.UART_AdvFeatureConfig)
    i.UART_CheckIdleState                    0x0800362e   Section        0  stm32l4xx_hal_uart.o(i.UART_CheckIdleState)
    i.UART_DMAAbortOnError                   0x080036d6   Section        0  stm32l4xx_hal_uart.o(i.UART_DMAAbortOnError)
    UART_DMAAbortOnError                     0x080036d7   Thumb Code    20  stm32l4xx_hal_uart.o(i.UART_DMAAbortOnError)
    i.UART_EndRxTransfer                     0x080036ea   Section        0  stm32l4xx_hal_uart.o(i.UART_EndRxTransfer)
    UART_EndRxTransfer                       0x080036eb   Thumb Code    76  stm32l4xx_hal_uart.o(i.UART_EndRxTransfer)
    i.UART_RxISR_16BIT                       0x08003738   Section        0  stm32l4xx_hal_uart.o(i.UART_RxISR_16BIT)
    UART_RxISR_16BIT                         0x08003739   Thumb Code   196  stm32l4xx_hal_uart.o(i.UART_RxISR_16BIT)
    i.UART_RxISR_8BIT                        0x08003800   Section        0  stm32l4xx_hal_uart.o(i.UART_RxISR_8BIT)
    UART_RxISR_8BIT                          0x08003801   Thumb Code   196  stm32l4xx_hal_uart.o(i.UART_RxISR_8BIT)
    i.UART_SetConfig                         0x080038c8   Section        0  stm32l4xx_hal_uart.o(i.UART_SetConfig)
    i.UART_Start_Receive_IT                  0x08003b10   Section        0  stm32l4xx_hal_uart.o(i.UART_Start_Receive_IT)
    i.UART_WaitOnFlagUntilTimeout            0x08003bc8   Section        0  stm32l4xx_hal_uart.o(i.UART_WaitOnFlagUntilTimeout)
    i.USART2SendByte                         0x08003c54   Section        0  usart.o(i.USART2SendByte)
    i.USART2Write                            0x08003c68   Section        0  usart.o(i.USART2Write)
    i.USART2_BUF_INIT                        0x08003c82   Section        0  usart.o(i.USART2_BUF_INIT)
    i.USART2_CLEAR_BUF                       0x08003c98   Section        0  usart.o(i.USART2_CLEAR_BUF)
    i.USART2_IRQHandler                      0x08003cac   Section        0  stm32l4xx_it.o(i.USART2_IRQHandler)
    i.USART2_Modify_DATE                     0x08003cd0   Section        0  usart.o(i.USART2_Modify_DATE)
    i.USART2_Modify_TIME                     0x08003d14   Section        0  usart.o(i.USART2_Modify_TIME)
    i.UsageFault_Handler                     0x08003d58   Section        0  stm32l4xx_it.o(i.UsageFault_Handler)
    i.__0printf                              0x08003d5c   Section        0  printfa.o(i.__0printf)
    i.__0sprintf                             0x08003d7c   Section        0  printfa.o(i.__0sprintf)
    i.__NVIC_SetPriority                     0x08003da4   Section        0  stm32l4xx_hal_cortex.o(i.__NVIC_SetPriority)
    __NVIC_SetPriority                       0x08003da5   Thumb Code    32  stm32l4xx_hal_cortex.o(i.__NVIC_SetPriority)
    i.__scatterload_copy                     0x08003dc4   Section       14  handlers.o(i.__scatterload_copy)
    i.__scatterload_null                     0x08003dd2   Section        2  handlers.o(i.__scatterload_null)
    i.__scatterload_zeroinit                 0x08003dd4   Section       14  handlers.o(i.__scatterload_zeroinit)
    i._fp_digits                             0x08003de4   Section        0  printfa.o(i._fp_digits)
    _fp_digits                               0x08003de5   Thumb Code   366  printfa.o(i._fp_digits)
    i._printf_core                           0x08003f70   Section        0  printfa.o(i._printf_core)
    _printf_core                             0x08003f71   Thumb Code  1704  printfa.o(i._printf_core)
    i._printf_post_padding                   0x0800462a   Section        0  printfa.o(i._printf_post_padding)
    _printf_post_padding                     0x0800462b   Thumb Code    36  printfa.o(i._printf_post_padding)
    i._printf_pre_padding                    0x0800464e   Section        0  printfa.o(i._printf_pre_padding)
    _printf_pre_padding                      0x0800464f   Thumb Code    46  printfa.o(i._printf_pre_padding)
    i._sputc                                 0x0800467c   Section        0  printfa.o(i._sputc)
    _sputc                                   0x0800467d   Thumb Code    10  printfa.o(i._sputc)
    i.fputc                                  0x08004688   Section        0  usart.o(i.fputc)
    i.main                                   0x080046a0   Section        0  main.o(i.main)
    .constdata                               0x08004790   Section       64  system_stm32l4xx.o(.constdata)
    .constdata                               0x080047d0   Section        8  system_stm32l4xx.o(.constdata)
    .data                                    0x20000000   Section        4  rtc.o(.data)
    .data                                    0x20000004   Section        7  usart.o(.data)
    .data                                    0x2000000c   Section       12  stm32l4xx_hal.o(.data)
    .data                                    0x20000018   Section        4  system_stm32l4xx.o(.data)
    .data                                    0x2000001c   Section        1  lcd_st7920.o(.data)
    .data                                    0x20000020   Section        8  delay.o(.data)
    fac_us                                   0x20000020   Data           4  delay.o(.data)
    fac_ms                                   0x20000024   Data           4  delay.o(.data)
    .data                                    0x20000028   Section        3  key.o(.data)
    .data                                    0x2000002c   Section       16  key.o(.data)
    .data                                    0x2000003c   Section        8  low_pwr.o(.data)
    .data                                    0x20000044   Section        4  stdout.o(.data)
    .bss                                     0x20000048   Section       20  rtc.o(.bss)
    .bss                                     0x2000005c   Section       36  rtc.o(.bss)
    .bss                                     0x20000080   Section      152  tim.o(.bss)
    .bss                                     0x20000118   Section      164  usart.o(.bss)
    .bss                                     0x200001bc   Section       50  lcd_st7920.o(.bss)
    STACK                                    0x200001f0   Section     1024  startup_stm32l476xx.o(STACK)

    Global Symbols

    Symbol Name                              Value     Ov Type        Size  Object(Section)

    BuildAttributes$$THM_ISAv4$E$P$D$K$B$S$7EM$VFPi3$EXTD16$VFPS$VFMA$PE$A:L22UL41UL21$X:L11$S22US41US21$IEEE1$IW$USESV6$~STKCKD$USESV7$~SHL$OTIME$ROPI$EBA8$MICROLIB$REQ8$PRES8$EABIv2 0x00000000   Number         0  anon$$obj.o ABSOLUTE
    __ARM_use_no_argv                        0x00000000   Number         0  main.o ABSOLUTE
    _printf_a                                0x00000000   Number         0  stubs.o ABSOLUTE
    _printf_c                                0x00000000   Number         0  stubs.o ABSOLUTE
    _printf_charcount                        0x00000000   Number         0  stubs.o ABSOLUTE
    _printf_d                                0x00000000   Number         0  stubs.o ABSOLUTE
    _printf_e                                0x00000000   Number         0  stubs.o ABSOLUTE
    _printf_f                                0x00000000   Number         0  stubs.o ABSOLUTE
    _printf_flags                            0x00000000   Number         0  stubs.o ABSOLUTE
    _printf_fp_dec                           0x00000000   Number         0  stubs.o ABSOLUTE
    _printf_fp_hex                           0x00000000   Number         0  stubs.o ABSOLUTE
    _printf_g                                0x00000000   Number         0  stubs.o ABSOLUTE
    _printf_i                                0x00000000   Number         0  stubs.o ABSOLUTE
    _printf_int_dec                          0x00000000   Number         0  stubs.o ABSOLUTE
    _printf_l                                0x00000000   Number         0  stubs.o ABSOLUTE
    _printf_lc                               0x00000000   Number         0  stubs.o ABSOLUTE
    _printf_ll                               0x00000000   Number         0  stubs.o ABSOLUTE
    _printf_lld                              0x00000000   Number         0  stubs.o ABSOLUTE
    _printf_lli                              0x00000000   Number         0  stubs.o ABSOLUTE
    _printf_llo                              0x00000000   Number         0  stubs.o ABSOLUTE
    _printf_llu                              0x00000000   Number         0  stubs.o ABSOLUTE
    _printf_llx                              0x00000000   Number         0  stubs.o ABSOLUTE
    _printf_longlong_dec                     0x00000000   Number         0  stubs.o ABSOLUTE
    _printf_longlong_hex                     0x00000000   Number         0  stubs.o ABSOLUTE
    _printf_longlong_oct                     0x00000000   Number         0  stubs.o ABSOLUTE
    _printf_ls                               0x00000000   Number         0  stubs.o ABSOLUTE
    _printf_mbtowc                           0x00000000   Number         0  stubs.o ABSOLUTE
    _printf_n                                0x00000000   Number         0  stubs.o ABSOLUTE
    _printf_o                                0x00000000   Number         0  stubs.o ABSOLUTE
    _printf_p                                0x00000000   Number         0  stubs.o ABSOLUTE
    _printf_percent                          0x00000000   Number         0  stubs.o ABSOLUTE
    _printf_pre_padding                      0x00000000   Number         0  stubs.o ABSOLUTE
    _printf_return_value                     0x00000000   Number         0  stubs.o ABSOLUTE
    _printf_s                                0x00000000   Number         0  stubs.o ABSOLUTE
    _printf_sizespec                         0x00000000   Number         0  stubs.o ABSOLUTE
    _printf_str                              0x00000000   Number         0  stubs.o ABSOLUTE
    _printf_truncate_signed                  0x00000000   Number         0  stubs.o ABSOLUTE
    _printf_truncate_unsigned                0x00000000   Number         0  stubs.o ABSOLUTE
    _printf_u                                0x00000000   Number         0  stubs.o ABSOLUTE
    _printf_wc                               0x00000000   Number         0  stubs.o ABSOLUTE
    _printf_wctomb                           0x00000000   Number         0  stubs.o ABSOLUTE
    _printf_widthprec                        0x00000000   Number         0  stubs.o ABSOLUTE
    _printf_x                                0x00000000   Number         0  stubs.o ABSOLUTE
    __arm_fini_                               - Undefined Weak Reference
    __cpp_initialize__aeabi_                  - Undefined Weak Reference
    __cxa_finalize                            - Undefined Weak Reference
    __decompress                              - Undefined Weak Reference
    _clock_init                               - Undefined Weak Reference
    _microlib_exit                            - Undefined Weak Reference
    __Vectors_Size                           0x00000188   Number         0  startup_stm32l476xx.o ABSOLUTE
    __Vectors                                0x08000000   Data           4  startup_stm32l476xx.o(RESET)
    __Vectors_End                            0x08000188   Data           0  startup_stm32l476xx.o(RESET)
    __main                                   0x08000189   Thumb Code     0  entry.o(.ARM.Collect$$$$00000000)
    _main_stk                                0x08000189   Thumb Code     0  entry2.o(.ARM.Collect$$$$00000001)
    _main_scatterload                        0x0800018d   Thumb Code     0  entry5.o(.ARM.Collect$$$$00000004)
    __main_after_scatterload                 0x08000191   Thumb Code     0  entry5.o(.ARM.Collect$$$$00000004)
    _main_clock                              0x08000191   Thumb Code     0  entry7b.o(.ARM.Collect$$$$00000008)
    _main_cpp_init                           0x08000191   Thumb Code     0  entry8b.o(.ARM.Collect$$$$0000000A)
    _main_init                               0x08000191   Thumb Code     0  entry9a.o(.ARM.Collect$$$$0000000B)
    __rt_lib_shutdown_fini                   0x08000199   Thumb Code     0  entry12b.o(.ARM.Collect$$$$0000000E)
    __rt_final_cpp                           0x0800019d   Thumb Code     0  entry10a.o(.ARM.Collect$$$$0000000F)
    __rt_final_exit                          0x0800019d   Thumb Code     0  entry11a.o(.ARM.Collect$$$$00000011)
    Reset_Handler                            0x080001a1   Thumb Code     8  startup_stm32l476xx.o(.text)
    ADC1_2_IRQHandler                        0x080001bb   Thumb Code     0  startup_stm32l476xx.o(.text)
    ADC3_IRQHandler                          0x080001bb   Thumb Code     0  startup_stm32l476xx.o(.text)
    CAN1_RX0_IRQHandler                      0x080001bb   Thumb Code     0  startup_stm32l476xx.o(.text)
    CAN1_RX1_IRQHandler                      0x080001bb   Thumb Code     0  startup_stm32l476xx.o(.text)
    CAN1_SCE_IRQHandler                      0x080001bb   Thumb Code     0  startup_stm32l476xx.o(.text)
    CAN1_TX_IRQHandler                       0x080001bb   Thumb Code     0  startup_stm32l476xx.o(.text)
    COMP_IRQHandler                          0x080001bb   Thumb Code     0  startup_stm32l476xx.o(.text)
    DFSDM1_FLT0_IRQHandler                   0x080001bb   Thumb Code     0  startup_stm32l476xx.o(.text)
    DFSDM1_FLT1_IRQHandler                   0x080001bb   Thumb Code     0  startup_stm32l476xx.o(.text)
    DFSDM1_FLT2_IRQHandler                   0x080001bb   Thumb Code     0  startup_stm32l476xx.o(.text)
    DFSDM1_FLT3_IRQHandler                   0x080001bb   Thumb Code     0  startup_stm32l476xx.o(.text)
    DMA1_Channel1_IRQHandler                 0x080001bb   Thumb Code     0  startup_stm32l476xx.o(.text)
    DMA1_Channel2_IRQHandler                 0x080001bb   Thumb Code     0  startup_stm32l476xx.o(.text)
    DMA1_Channel3_IRQHandler                 0x080001bb   Thumb Code     0  startup_stm32l476xx.o(.text)
    DMA1_Channel4_IRQHandler                 0x080001bb   Thumb Code     0  startup_stm32l476xx.o(.text)
    DMA1_Channel5_IRQHandler                 0x080001bb   Thumb Code     0  startup_stm32l476xx.o(.text)
    DMA1_Channel6_IRQHandler                 0x080001bb   Thumb Code     0  startup_stm32l476xx.o(.text)
    DMA1_Channel7_IRQHandler                 0x080001bb   Thumb Code     0  startup_stm32l476xx.o(.text)
    DMA2_Channel1_IRQHandler                 0x080001bb   Thumb Code     0  startup_stm32l476xx.o(.text)
    DMA2_Channel2_IRQHandler                 0x080001bb   Thumb Code     0  startup_stm32l476xx.o(.text)
    DMA2_Channel3_IRQHandler                 0x080001bb   Thumb Code     0  startup_stm32l476xx.o(.text)
    DMA2_Channel4_IRQHandler                 0x080001bb   Thumb Code     0  startup_stm32l476xx.o(.text)
    DMA2_Channel5_IRQHandler                 0x080001bb   Thumb Code     0  startup_stm32l476xx.o(.text)
    DMA2_Channel6_IRQHandler                 0x080001bb   Thumb Code     0  startup_stm32l476xx.o(.text)
    DMA2_Channel7_IRQHandler                 0x080001bb   Thumb Code     0  startup_stm32l476xx.o(.text)
    EXTI0_IRQHandler                         0x080001bb   Thumb Code     0  startup_stm32l476xx.o(.text)
    EXTI15_10_IRQHandler                     0x080001bb   Thumb Code     0  startup_stm32l476xx.o(.text)
    EXTI1_IRQHandler                         0x080001bb   Thumb Code     0  startup_stm32l476xx.o(.text)
    FLASH_IRQHandler                         0x080001bb   Thumb Code     0  startup_stm32l476xx.o(.text)
    FMC_IRQHandler                           0x080001bb   Thumb Code     0  startup_stm32l476xx.o(.text)
    FPU_IRQHandler                           0x080001bb   Thumb Code     0  startup_stm32l476xx.o(.text)
    I2C1_ER_IRQHandler                       0x080001bb   Thumb Code     0  startup_stm32l476xx.o(.text)
    I2C1_EV_IRQHandler                       0x080001bb   Thumb Code     0  startup_stm32l476xx.o(.text)
    I2C2_ER_IRQHandler                       0x080001bb   Thumb Code     0  startup_stm32l476xx.o(.text)
    I2C2_EV_IRQHandler                       0x080001bb   Thumb Code     0  startup_stm32l476xx.o(.text)
    I2C3_ER_IRQHandler                       0x080001bb   Thumb Code     0  startup_stm32l476xx.o(.text)
    I2C3_EV_IRQHandler                       0x080001bb   Thumb Code     0  startup_stm32l476xx.o(.text)
    LCD_IRQHandler                           0x080001bb   Thumb Code     0  startup_stm32l476xx.o(.text)
    LPTIM1_IRQHandler                        0x080001bb   Thumb Code     0  startup_stm32l476xx.o(.text)
    LPTIM2_IRQHandler                        0x080001bb   Thumb Code     0  startup_stm32l476xx.o(.text)
    LPUART1_IRQHandler                       0x080001bb   Thumb Code     0  startup_stm32l476xx.o(.text)
    OTG_FS_IRQHandler                        0x080001bb   Thumb Code     0  startup_stm32l476xx.o(.text)
    PVD_PVM_IRQHandler                       0x080001bb   Thumb Code     0  startup_stm32l476xx.o(.text)
    QUADSPI_IRQHandler                       0x080001bb   Thumb Code     0  startup_stm32l476xx.o(.text)
    RCC_IRQHandler                           0x080001bb   Thumb Code     0  startup_stm32l476xx.o(.text)
    RNG_IRQHandler                           0x080001bb   Thumb Code     0  startup_stm32l476xx.o(.text)
    RTC_Alarm_IRQHandler                     0x080001bb   Thumb Code     0  startup_stm32l476xx.o(.text)
    RTC_WKUP_IRQHandler                      0x080001bb   Thumb Code     0  startup_stm32l476xx.o(.text)
    SAI1_IRQHandler                          0x080001bb   Thumb Code     0  startup_stm32l476xx.o(.text)
    SAI2_IRQHandler                          0x080001bb   Thumb Code     0  startup_stm32l476xx.o(.text)
    SDMMC1_IRQHandler                        0x080001bb   Thumb Code     0  startup_stm32l476xx.o(.text)
    SPI1_IRQHandler                          0x080001bb   Thumb Code     0  startup_stm32l476xx.o(.text)
    SPI2_IRQHandler                          0x080001bb   Thumb Code     0  startup_stm32l476xx.o(.text)
    SPI3_IRQHandler                          0x080001bb   Thumb Code     0  startup_stm32l476xx.o(.text)
    SWPMI1_IRQHandler                        0x080001bb   Thumb Code     0  startup_stm32l476xx.o(.text)
    TAMP_STAMP_IRQHandler                    0x080001bb   Thumb Code     0  startup_stm32l476xx.o(.text)
    TIM1_BRK_TIM15_IRQHandler                0x080001bb   Thumb Code     0  startup_stm32l476xx.o(.text)
    TIM1_CC_IRQHandler                       0x080001bb   Thumb Code     0  startup_stm32l476xx.o(.text)
    TIM1_TRG_COM_TIM17_IRQHandler            0x080001bb   Thumb Code     0  startup_stm32l476xx.o(.text)
    TIM1_UP_TIM16_IRQHandler                 0x080001bb   Thumb Code     0  startup_stm32l476xx.o(.text)
    TIM4_IRQHandler                          0x080001bb   Thumb Code     0  startup_stm32l476xx.o(.text)
    TIM5_IRQHandler                          0x080001bb   Thumb Code     0  startup_stm32l476xx.o(.text)
    TIM6_DAC_IRQHandler                      0x080001bb   Thumb Code     0  startup_stm32l476xx.o(.text)
    TIM7_IRQHandler                          0x080001bb   Thumb Code     0  startup_stm32l476xx.o(.text)
    TIM8_BRK_IRQHandler                      0x080001bb   Thumb Code     0  startup_stm32l476xx.o(.text)
    TIM8_CC_IRQHandler                       0x080001bb   Thumb Code     0  startup_stm32l476xx.o(.text)
    TIM8_TRG_COM_IRQHandler                  0x080001bb   Thumb Code     0  startup_stm32l476xx.o(.text)
    TIM8_UP_IRQHandler                       0x080001bb   Thumb Code     0  startup_stm32l476xx.o(.text)
    TSC_IRQHandler                           0x080001bb   Thumb Code     0  startup_stm32l476xx.o(.text)
    UART4_IRQHandler                         0x080001bb   Thumb Code     0  startup_stm32l476xx.o(.text)
    UART5_IRQHandler                         0x080001bb   Thumb Code     0  startup_stm32l476xx.o(.text)
    USART1_IRQHandler                        0x080001bb   Thumb Code     0  startup_stm32l476xx.o(.text)
    USART3_IRQHandler                        0x080001bb   Thumb Code     0  startup_stm32l476xx.o(.text)
    WWDG_IRQHandler                          0x080001bb   Thumb Code     0  startup_stm32l476xx.o(.text)
    __aeabi_uldivmod                         0x080001c5   Thumb Code    98  uldiv.o(.text)
    __aeabi_memset                           0x0800022d   Thumb Code    14  memseta.o(.text)
    __aeabi_memset4                          0x0800022d   Thumb Code     0  memseta.o(.text)
    __aeabi_memset8                          0x0800022d   Thumb Code     0  memseta.o(.text)
    __aeabi_memclr                           0x0800023b   Thumb Code     4  memseta.o(.text)
    __aeabi_memclr4                          0x0800023b   Thumb Code     0  memseta.o(.text)
    __aeabi_memclr8                          0x0800023b   Thumb Code     0  memseta.o(.text)
    _memset$wrapper                          0x0800023f   Thumb Code    18  memseta.o(.text)
    __aeabi_dmul                             0x08000251   Thumb Code   228  dmul.o(.text)
    __aeabi_f2d                              0x0800033b   Thumb Code    38  f2d.o(.text)
    __aeabi_d2f                              0x08000361   Thumb Code    56  d2f.o(.text)
    __aeabi_uidiv                            0x08000399   Thumb Code     0  uidiv.o(.text)
    __aeabi_uidivmod                         0x08000399   Thumb Code    44  uidiv.o(.text)
    __aeabi_llsl                             0x080003c5   Thumb Code    30  llshl.o(.text)
    _ll_shift_l                              0x080003c5   Thumb Code     0  llshl.o(.text)
    __aeabi_llsr                             0x080003e3   Thumb Code    32  llushr.o(.text)
    _ll_ushift_r                             0x080003e3   Thumb Code     0  llushr.o(.text)
    __I$use$fp                               0x08000403   Thumb Code     0  iusefp.o(.text)
    _float_round                             0x08000403   Thumb Code    18  fepilogue.o(.text)
    _float_epilogue                          0x08000415   Thumb Code    92  fepilogue.o(.text)
    _double_round                            0x08000471   Thumb Code    30  depilogue.o(.text)
    _double_epilogue                         0x0800048f   Thumb Code   156  depilogue.o(.text)
    __aeabi_dadd                             0x0800052b   Thumb Code   322  dadd.o(.text)
    __aeabi_dsub                             0x0800066d   Thumb Code     6  dadd.o(.text)
    __aeabi_drsub                            0x08000673   Thumb Code     6  dadd.o(.text)
    __aeabi_ddiv                             0x08000689   Thumb Code   222  ddiv.o(.text)
    __aeabi_d2ulz                            0x08000767   Thumb Code    48  dfixul.o(.text)
    __aeabi_cdrcmple                         0x08000799   Thumb Code    48  cdrcmple.o(.text)
    __scatterload                            0x080007c9   Thumb Code    28  init.o(.text)
    __scatterload_rt2                        0x080007c9   Thumb Code     0  init.o(.text)
    __aeabi_lasr                             0x080007ed   Thumb Code    36  llsshr.o(.text)
    _ll_sshift_r                             0x080007ed   Thumb Code     0  llsshr.o(.text)
    BusFault_Handler                         0x08000811   Thumb Code     2  stm32l4xx_it.o(i.BusFault_Handler)
    Chk_Busy                                 0x08000815   Thumb Code    78  lcd_st7920.o(i.Chk_Busy)
    DebugMon_Handler                         0x08000871   Thumb Code     2  stm32l4xx_it.o(i.DebugMon_Handler)
    DelayInit                                0x08000875   Thumb Code    22  delay.o(i.DelayInit)
    DelayMs                                  0x08000891   Thumb Code    46  delay.o(i.DelayMs)
    DelayUs                                  0x080008c5   Thumb Code    46  delay.o(i.DelayUs)
    EXTI2_IRQHandler                         0x080008f9   Thumb Code    12  stm32l4xx_it.o(i.EXTI2_IRQHandler)
    EXTI3_IRQHandler                         0x08000909   Thumb Code    12  stm32l4xx_it.o(i.EXTI3_IRQHandler)
    EXTI4_IRQHandler                         0x08000919   Thumb Code    12  stm32l4xx_it.o(i.EXTI4_IRQHandler)
    EXTI9_5_IRQHandler                       0x08000929   Thumb Code    30  stm32l4xx_it.o(i.EXTI9_5_IRQHandler)
    Error_Handler                            0x0800094d   Thumb Code     4  main.o(i.Error_Handler)
    GetKeyValue                              0x08000951   Thumb Code    66  key.o(i.GetKeyValue)
    GpioInit                                 0x0800099d   Thumb Code   374  gpio.o(i.GpioInit)
    HAL_DMA_Abort                            0x08000b29   Thumb Code    74  stm32l4xx_hal_dma.o(i.HAL_DMA_Abort)
    HAL_DMA_Abort_IT                         0x08000b73   Thumb Code    78  stm32l4xx_hal_dma.o(i.HAL_DMA_Abort_IT)
    HAL_GPIO_EXTI_Callback                   0x08000bc1   Thumb Code     2  stm32l4xx_hal_gpio.o(i.HAL_GPIO_EXTI_Callback)
    HAL_GPIO_EXTI_IRQHandler                 0x08000bc5   Thumb Code    18  stm32l4xx_hal_gpio.o(i.HAL_GPIO_EXTI_IRQHandler)
    HAL_GPIO_Init                            0x08000bdd   Thumb Code   500  stm32l4xx_hal_gpio.o(i.HAL_GPIO_Init)
    HAL_GPIO_ReadPin                         0x08000dfb   Thumb Code    10  stm32l4xx_hal_gpio.o(i.HAL_GPIO_ReadPin)
    HAL_GPIO_WritePin                        0x08000e05   Thumb Code    10  stm32l4xx_hal_gpio.o(i.HAL_GPIO_WritePin)
    HAL_GetTick                              0x08000e11   Thumb Code     6  stm32l4xx_hal.o(i.HAL_GetTick)
    HAL_IncTick                              0x08000e1d   Thumb Code    12  stm32l4xx_hal.o(i.HAL_IncTick)
    HAL_Init                                 0x08000e2d   Thumb Code    30  stm32l4xx_hal.o(i.HAL_Init)
    HAL_InitTick                             0x08000e4d   Thumb Code    58  stm32l4xx_hal.o(i.HAL_InitTick)
    HAL_MspInit                              0x08000e91   Thumb Code    38  stm32l4xx_hal_msp.o(i.HAL_MspInit)
    HAL_NVIC_EnableIRQ                       0x08000ebd   Thumb Code    26  stm32l4xx_hal_cortex.o(i.HAL_NVIC_EnableIRQ)
    HAL_NVIC_SetPriority                     0x08000ed9   Thumb Code    60  stm32l4xx_hal_cortex.o(i.HAL_NVIC_SetPriority)
    HAL_NVIC_SetPriorityGrouping             0x08000f19   Thumb Code    26  stm32l4xx_hal_cortex.o(i.HAL_NVIC_SetPriorityGrouping)
    HAL_PWREx_ControlVoltageScaling          0x08000f3d   Thumb Code    90  stm32l4xx_hal_pwr_ex.o(i.HAL_PWREx_ControlVoltageScaling)
    HAL_PWREx_GetVoltageRange                0x08000fa5   Thumb Code    10  stm32l4xx_hal_pwr_ex.o(i.HAL_PWREx_GetVoltageRange)
    HAL_PWR_EnableBkUpAccess                 0x08000fb5   Thumb Code    12  stm32l4xx_hal_pwr.o(i.HAL_PWR_EnableBkUpAccess)
    HAL_RCCEx_PeriphCLKConfig                0x08000fc5   Thumb Code   928  stm32l4xx_hal_rcc_ex.o(i.HAL_RCCEx_PeriphCLKConfig)
    HAL_RCC_ClockConfig                      0x08001375   Thumb Code   304  stm32l4xx_hal_rcc.o(i.HAL_RCC_ClockConfig)
    HAL_RCC_GetPCLK1Freq                     0x080014b9   Thumb Code    24  stm32l4xx_hal_rcc.o(i.HAL_RCC_GetPCLK1Freq)
    HAL_RCC_GetPCLK2Freq                     0x080014dd   Thumb Code    24  stm32l4xx_hal_rcc.o(i.HAL_RCC_GetPCLK2Freq)
    HAL_RCC_GetSysClockFreq                  0x08001501   Thumb Code   150  stm32l4xx_hal_rcc.o(i.HAL_RCC_GetSysClockFreq)
    HAL_RCC_OscConfig                        0x080015a5   Thumb Code  1294  stm32l4xx_hal_rcc.o(i.HAL_RCC_OscConfig)
    HAL_RTC_GetDate                          0x08001abd   Thumb Code    62  stm32l4xx_hal_rtc.o(i.HAL_RTC_GetDate)
    HAL_RTC_GetTime                          0x08001b01   Thumb Code    78  stm32l4xx_hal_rtc.o(i.HAL_RTC_GetTime)
    HAL_RTC_Init                             0x08001b55   Thumb Code   172  stm32l4xx_hal_rtc.o(i.HAL_RTC_Init)
    HAL_RTC_MspDeInit                        0x08001c05   Thumb Code    22  rtc.o(i.HAL_RTC_MspDeInit)
    HAL_RTC_MspInit                          0x08001c25   Thumb Code    60  rtc.o(i.HAL_RTC_MspInit)
    HAL_RTC_SetDate                          0x08001c69   Thumb Code   156  stm32l4xx_hal_rtc.o(i.HAL_RTC_SetDate)
    HAL_RTC_SetTime                          0x08001d09   Thumb Code   198  stm32l4xx_hal_rtc.o(i.HAL_RTC_SetTime)
    HAL_RTC_WaitForSynchro                   0x08001dd5   Thumb Code    50  stm32l4xx_hal_rtc.o(i.HAL_RTC_WaitForSynchro)
    HAL_SYSTICK_CLKSourceConfig              0x08001e0d   Thumb Code    24  stm32l4xx_hal_cortex.o(i.HAL_SYSTICK_CLKSourceConfig)
    HAL_SYSTICK_Config                       0x08001e25   Thumb Code    40  stm32l4xx_hal_cortex.o(i.HAL_SYSTICK_Config)
    HAL_TIMEx_Break2Callback                 0x08001e4d   Thumb Code     2  stm32l4xx_hal_tim_ex.o(i.HAL_TIMEx_Break2Callback)
    HAL_TIMEx_BreakCallback                  0x08001e4f   Thumb Code     2  stm32l4xx_hal_tim_ex.o(i.HAL_TIMEx_BreakCallback)
    HAL_TIMEx_CommutCallback                 0x08001e51   Thumb Code     2  stm32l4xx_hal_tim_ex.o(i.HAL_TIMEx_CommutCallback)
    HAL_TIMEx_MasterConfigSynchronization    0x08001e55   Thumb Code   130  stm32l4xx_hal_tim_ex.o(i.HAL_TIMEx_MasterConfigSynchronization)
    HAL_TIM_Base_Init                        0x08001ef1   Thumb Code    98  stm32l4xx_hal_tim.o(i.HAL_TIM_Base_Init)
    HAL_TIM_Base_MspInit                     0x08001f55   Thumb Code    86  tim.o(i.HAL_TIM_Base_MspInit)
    HAL_TIM_Base_Start_IT                    0x08001fb5   Thumb Code   100  stm32l4xx_hal_tim.o(i.HAL_TIM_Base_Start_IT)
    HAL_TIM_ConfigClockSource                0x08002035   Thumb Code   220  stm32l4xx_hal_tim.o(i.HAL_TIM_ConfigClockSource)
    HAL_TIM_IC_CaptureCallback               0x08002115   Thumb Code     2  stm32l4xx_hal_tim.o(i.HAL_TIM_IC_CaptureCallback)
    HAL_TIM_IRQHandler                       0x08002117   Thumb Code   326  stm32l4xx_hal_tim.o(i.HAL_TIM_IRQHandler)
    HAL_TIM_OC_DelayElapsedCallback          0x0800225d   Thumb Code     2  stm32l4xx_hal_tim.o(i.HAL_TIM_OC_DelayElapsedCallback)
    HAL_TIM_PWM_PulseFinishedCallback        0x0800225f   Thumb Code     2  stm32l4xx_hal_tim.o(i.HAL_TIM_PWM_PulseFinishedCallback)
    HAL_TIM_PeriodElapsedCallback            0x08002261   Thumb Code   292  tim.o(i.HAL_TIM_PeriodElapsedCallback)
    HAL_TIM_TriggerCallback                  0x080023b9   Thumb Code     2  stm32l4xx_hal_tim.o(i.HAL_TIM_TriggerCallback)
    HAL_UARTEx_ReceiveToIdle_IT              0x080023bb   Thumb Code    78  stm32l4xx_hal_uart_ex.o(i.HAL_UARTEx_ReceiveToIdle_IT)
    HAL_UARTEx_RxEventCallback               0x08002409   Thumb Code   118  stm32l4xx_it.o(i.HAL_UARTEx_RxEventCallback)
    HAL_UARTEx_WakeupCallback                0x080024ad   Thumb Code     2  stm32l4xx_hal_uart_ex.o(i.HAL_UARTEx_WakeupCallback)
    HAL_UART_ErrorCallback                   0x080024af   Thumb Code     2  stm32l4xx_hal_uart.o(i.HAL_UART_ErrorCallback)
    HAL_UART_IRQHandler                      0x080024b1   Thumb Code   688  stm32l4xx_hal_uart.o(i.HAL_UART_IRQHandler)
    HAL_UART_Init                            0x08002769   Thumb Code   102  stm32l4xx_hal_uart.o(i.HAL_UART_Init)
    HAL_UART_MspInit                         0x080027d1   Thumb Code   128  usart.o(i.HAL_UART_MspInit)
    HAL_UART_RxCpltCallback                  0x08002859   Thumb Code     2  stm32l4xx_hal_uart.o(i.HAL_UART_RxCpltCallback)
    HAL_UART_TxCpltCallback                  0x0800285b   Thumb Code     2  stm32l4xx_hal_uart.o(i.HAL_UART_TxCpltCallback)
    HardFault_Handler                        0x0800285d   Thumb Code     2  stm32l4xx_it.o(i.HardFault_Handler)
    KeyDeal                                  0x08002861   Thumb Code    90  key.o(i.KeyDeal)
    LCDClrDisplay                            0x08002931   Thumb Code    18  lcd_st7920.o(i.LCDClrDisplay)
    LCD_Display                              0x08002945   Thumb Code   118  lcd_st7920.o(i.LCD_Display)
    LCD_ST7920_DataIO_Set_In                 0x08002a2d   Thumb Code    36  lcd_st7920.o(i.LCD_ST7920_DataIO_Set_In)
    LCD_ST7920_DataIO_Set_Out                0x08002a55   Thumb Code    42  lcd_st7920.o(i.LCD_ST7920_DataIO_Set_Out)
    LCD_ST7920_DeInit                        0x08002a85   Thumb Code    50  lcd_st7920.o(i.LCD_ST7920_DeInit)
    LCD_ST7920_Init                          0x08002ac1   Thumb Code    76  lcd_st7920.o(i.LCD_ST7920_Init)
    LCD_ST7920_SetAddress                    0x08002b15   Thumb Code    66  lcd_st7920.o(i.LCD_ST7920_SetAddress)
    LCD_ST7920_ShowStr                       0x08002b57   Thumb Code    28  lcd_st7920.o(i.LCD_ST7920_ShowStr)
    LCD_ST7920_WriteCmd                      0x08002b75   Thumb Code    90  lcd_st7920.o(i.LCD_ST7920_WriteCmd)
    LCD_ST7920_WriteData                     0x08002bd9   Thumb Code    88  lcd_st7920.o(i.LCD_ST7920_WriteData)
    LED_TOGGLE                               0x08002c39   Thumb Code    48  led.o(i.LED_TOGGLE)
    LOW_PWR_Enter                            0x08002c69   Thumb Code     4  low_pwr.o(i.LOW_PWR_Enter)
    LOW_PWR_Exit                             0x08002c6d   Thumb Code     4  low_pwr.o(i.LOW_PWR_Exit)
    LOW_PWR_Init                             0x08002c71   Thumb Code    10  low_pwr.o(i.LOW_PWR_Init)
    MX_GPIO_Init                             0x08002c81   Thumb Code   188  gpio.o(i.MX_GPIO_Init)
    MX_RTC_Init                              0x08002d45   Thumb Code   122  rtc.o(i.MX_RTC_Init)
    MX_TIM2_Init                             0x08002dc9   Thumb Code   102  tim.o(i.MX_TIM2_Init)
    MX_TIM3_Init                             0x08002e35   Thumb Code   100  tim.o(i.MX_TIM3_Init)
    MX_USART2_UART_Init                      0x08002ea1   Thumb Code    82  usart.o(i.MX_USART2_UART_Init)
    MemManage_Handler                        0x08002efd   Thumb Code     2  stm32l4xx_it.o(i.MemManage_Handler)
    NMI_Handler                              0x08002eff   Thumb Code     2  stm32l4xx_it.o(i.NMI_Handler)
    PendSV_Handler                           0x08002f01   Thumb Code     2  stm32l4xx_it.o(i.PendSV_Handler)
    Protocal_DATE                            0x08002f05   Thumb Code   106  usart.o(i.Protocal_DATE)
    Protocal_TIME                            0x08002f99   Thumb Code    82  usart.o(i.Protocal_TIME)
    RTC_Bcd2ToByte                           0x080032b5   Thumb Code    18  stm32l4xx_hal_rtc.o(i.RTC_Bcd2ToByte)
    RTC_ByteToBcd2                           0x080032c7   Thumb Code    24  stm32l4xx_hal_rtc.o(i.RTC_ByteToBcd2)
    RTC_EnterInitMode                        0x080032e1   Thumb Code    70  stm32l4xx_hal_rtc.o(i.RTC_EnterInitMode)
    RTC_ExitInitMode                         0x08003329   Thumb Code    82  stm32l4xx_hal_rtc.o(i.RTC_ExitInitMode)
    SVC_Handler                              0x08003381   Thumb Code     2  stm32l4xx_it.o(i.SVC_Handler)
    SysTick_Handler                          0x08003383   Thumb Code     4  stm32l4xx_it.o(i.SysTick_Handler)
    SystemClock_Config                       0x08003389   Thumb Code   134  main.o(i.SystemClock_Config)
    SystemInit                               0x08003415   Thumb Code    12  system_stm32l4xx.o(i.SystemInit)
    TIM2_IRQHandler                          0x08003425   Thumb Code     6  stm32l4xx_it.o(i.TIM2_IRQHandler)
    TIM3_IRQHandler                          0x08003431   Thumb Code     6  stm32l4xx_it.o(i.TIM3_IRQHandler)
    TIM_Base_SetConfig                       0x0800343d   Thumb Code   160  stm32l4xx_hal_tim.o(i.TIM_Base_SetConfig)
    TIM_ETR_SetConfig                        0x080034fd   Thumb Code    20  stm32l4xx_hal_tim.o(i.TIM_ETR_SetConfig)
    UART_AdvFeatureConfig                    0x08003567   Thumb Code   200  stm32l4xx_hal_uart.o(i.UART_AdvFeatureConfig)
    UART_CheckIdleState                      0x0800362f   Thumb Code   168  stm32l4xx_hal_uart.o(i.UART_CheckIdleState)
    UART_SetConfig                           0x080038c9   Thumb Code   542  stm32l4xx_hal_uart.o(i.UART_SetConfig)
    UART_Start_Receive_IT                    0x08003b11   Thumb Code   174  stm32l4xx_hal_uart.o(i.UART_Start_Receive_IT)
    UART_WaitOnFlagUntilTimeout              0x08003bc9   Thumb Code   140  stm32l4xx_hal_uart.o(i.UART_WaitOnFlagUntilTimeout)
    USART2SendByte                           0x08003c55   Thumb Code    16  usart.o(i.USART2SendByte)
    USART2Write                              0x08003c69   Thumb Code    26  usart.o(i.USART2Write)
    USART2_BUF_INIT                          0x08003c83   Thumb Code    22  usart.o(i.USART2_BUF_INIT)
    USART2_CLEAR_BUF                         0x08003c99   Thumb Code    20  usart.o(i.USART2_CLEAR_BUF)
    USART2_IRQHandler                        0x08003cad   Thumb Code    26  stm32l4xx_it.o(i.USART2_IRQHandler)
    USART2_Modify_DATE                       0x08003cd1   Thumb Code    58  usart.o(i.USART2_Modify_DATE)
    USART2_Modify_TIME                       0x08003d15   Thumb Code    60  usart.o(i.USART2_Modify_TIME)
    UsageFault_Handler                       0x08003d59   Thumb Code     2  stm32l4xx_it.o(i.UsageFault_Handler)
    __0printf                                0x08003d5d   Thumb Code    22  printfa.o(i.__0printf)
    __1printf                                0x08003d5d   Thumb Code     0  printfa.o(i.__0printf)
    __2printf                                0x08003d5d   Thumb Code     0  printfa.o(i.__0printf)
    __c89printf                              0x08003d5d   Thumb Code     0  printfa.o(i.__0printf)
    printf                                   0x08003d5d   Thumb Code     0  printfa.o(i.__0printf)
    __0sprintf                               0x08003d7d   Thumb Code    34  printfa.o(i.__0sprintf)
    __1sprintf                               0x08003d7d   Thumb Code     0  printfa.o(i.__0sprintf)
    __2sprintf                               0x08003d7d   Thumb Code     0  printfa.o(i.__0sprintf)
    __c89sprintf                             0x08003d7d   Thumb Code     0  printfa.o(i.__0sprintf)
    sprintf                                  0x08003d7d   Thumb Code     0  printfa.o(i.__0sprintf)
    __scatterload_copy                       0x08003dc5   Thumb Code    14  handlers.o(i.__scatterload_copy)
    __scatterload_null                       0x08003dd3   Thumb Code     2  handlers.o(i.__scatterload_null)
    __scatterload_zeroinit                   0x08003dd5   Thumb Code    14  handlers.o(i.__scatterload_zeroinit)
    fputc                                    0x08004689   Thumb Code    18  usart.o(i.fputc)
    main                                     0x080046a1   Thumb Code   150  main.o(i.main)
    AHBPrescTable                            0x08004790   Data          16  system_stm32l4xx.o(.constdata)
    MSIRangeTable                            0x080047a0   Data          48  system_stm32l4xx.o(.constdata)
    APBPrescTable                            0x080047d0   Data           8  system_stm32l4xx.o(.constdata)
    Region$$Table$$Base                      0x080047d8   Number         0  anon$$obj.o(Region$$Table)
    Region$$Table$$Limit                     0x080047f8   Number         0  anon$$obj.o(Region$$Table)
    Date                                     0x20000000   Data           4  rtc.o(.data)
    dt_struct                                0x20000004   Data           7  usart.o(.data)
    uwTickFreq                               0x2000000c   Data           1  stm32l4xx_hal.o(.data)
    uwTickPrio                               0x20000010   Data           4  stm32l4xx_hal.o(.data)
    uwTick                                   0x20000014   Data           4  stm32l4xx_hal.o(.data)
    SystemCoreClock                          0x20000018   Data           4  system_stm32l4xx.o(.data)
    lcd                                      0x2000001c   Data           1  lcd_st7920.o(.data)
    kd                                       0x20000028   Data           3  key.o(.data)
    ks                                       0x2000002c   Data          16  key.o(.data)
    low_pwr_struct                           0x2000003c   Data           8  low_pwr.o(.data)
    __stdout                                 0x20000044   Data           4  stdout.o(.data)
    Time                                     0x20000048   Data          20  rtc.o(.bss)
    hrtc                                     0x2000005c   Data          36  rtc.o(.bss)
    htim2                                    0x20000080   Data          76  tim.o(.bss)
    htim3                                    0x200000cc   Data          76  tim.o(.bss)
    rxbuf_struct                             0x20000118   Data          28  usart.o(.bss)
    huart2                                   0x20000134   Data         136  usart.o(.bss)
    LCD_FRAME_STR                            0x200001bc   Data          50  lcd_st7920.o(.bss)
    __initial_sp                             0x200005f0   Data           0  startup_stm32l476xx.o(STACK)



==============================================================================

Memory Map of the image

  Image Entry point : 0x08000189

  Load Region LR_IROM1 (Base: 0x08000000, Size: 0x00004840, Max: 0x00080000, ABSOLUTE)

    Execution Region ER_IROM1 (Exec base: 0x08000000, Load base: 0x08000000, Size: 0x000047f8, Max: 0x00080000, ABSOLUTE)

    Exec Addr    Load Addr    Size         Type   Attr      Idx    E Section Name        Object

    0x08000000   0x08000000   0x00000188   Data   RO            3    RESET               startup_stm32l476xx.o
    0x08000188   0x08000188   0x00000000   Code   RO         4335  * .ARM.Collect$$$$00000000  mc_w.l(entry.o)
    0x08000188   0x08000188   0x00000004   Code   RO         4609    .ARM.Collect$$$$00000001  mc_w.l(entry2.o)
    0x0800018c   0x0800018c   0x00000004   Code   RO         4612    .ARM.Collect$$$$00000004  mc_w.l(entry5.o)
    0x08000190   0x08000190   0x00000000   Code   RO         4614    .ARM.Collect$$$$00000008  mc_w.l(entry7b.o)
    0x08000190   0x08000190   0x00000000   Code   RO         4616    .ARM.Collect$$$$0000000A  mc_w.l(entry8b.o)
    0x08000190   0x08000190   0x00000008   Code   RO         4617    .ARM.Collect$$$$0000000B  mc_w.l(entry9a.o)
    0x08000198   0x08000198   0x00000004   Code   RO         4624    .ARM.Collect$$$$0000000E  mc_w.l(entry12b.o)
    0x0800019c   0x0800019c   0x00000000   Code   RO         4619    .ARM.Collect$$$$0000000F  mc_w.l(entry10a.o)
    0x0800019c   0x0800019c   0x00000000   Code   RO         4621    .ARM.Collect$$$$00000011  mc_w.l(entry11a.o)
    0x0800019c   0x0800019c   0x00000004   Code   RO         4610    .ARM.Collect$$$$00002712  mc_w.l(entry2.o)
    0x080001a0   0x080001a0   0x00000024   Code   RO            4    .text               startup_stm32l476xx.o
    0x080001c4   0x080001c4   0x00000068   Code   RO         4338    .text               mc_w.l(uldiv.o)
    0x0800022c   0x0800022c   0x00000024   Code   RO         4340    .text               mc_w.l(memseta.o)
    0x08000250   0x08000250   0x000000ea   Code   RO         4603    .text               mf_w.l(dmul.o)
    0x0800033a   0x0800033a   0x00000026   Code   RO         4605    .text               mf_w.l(f2d.o)
    0x08000360   0x08000360   0x00000038   Code   RO         4607    .text               mf_w.l(d2f.o)
    0x08000398   0x08000398   0x0000002c   Code   RO         4626    .text               mc_w.l(uidiv.o)
    0x080003c4   0x080003c4   0x0000001e   Code   RO         4628    .text               mc_w.l(llshl.o)
    0x080003e2   0x080003e2   0x00000020   Code   RO         4630    .text               mc_w.l(llushr.o)
    0x08000402   0x08000402   0x00000000   Code   RO         4632    .text               mc_w.l(iusefp.o)
    0x08000402   0x08000402   0x0000006e   Code   RO         4633    .text               mf_w.l(fepilogue.o)
    0x08000470   0x08000470   0x000000ba   Code   RO         4635    .text               mf_w.l(depilogue.o)
    0x0800052a   0x0800052a   0x0000015e   Code   RO         4637    .text               mf_w.l(dadd.o)
    0x08000688   0x08000688   0x000000de   Code   RO         4639    .text               mf_w.l(ddiv.o)
    0x08000766   0x08000766   0x00000030   Code   RO         4641    .text               mf_w.l(dfixul.o)
    0x08000796   0x08000796   0x00000002   PAD
    0x08000798   0x08000798   0x00000030   Code   RO         4643    .text               mf_w.l(cdrcmple.o)
    0x080007c8   0x080007c8   0x00000024   Code   RO         4645    .text               mc_w.l(init.o)
    0x080007ec   0x080007ec   0x00000024   Code   RO         4647    .text               mc_w.l(llsshr.o)
    0x08000810   0x08000810   0x00000002   Code   RO          432    i.BusFault_Handler  stm32l4xx_it.o
    0x08000812   0x08000812   0x00000002   PAD
    0x08000814   0x08000814   0x0000005c   Code   RO         4072    i.Chk_Busy          lcd_st7920.o
    0x08000870   0x08000870   0x00000002   Code   RO          433    i.DebugMon_Handler  stm32l4xx_it.o
    0x08000872   0x08000872   0x00000002   PAD
    0x08000874   0x08000874   0x0000001c   Code   RO         4170    i.DelayInit         delay.o
    0x08000890   0x08000890   0x00000034   Code   RO         4171    i.DelayMs           delay.o
    0x080008c4   0x080008c4   0x00000034   Code   RO         4172    i.DelayUs           delay.o
    0x080008f8   0x080008f8   0x00000010   Code   RO          434    i.EXTI2_IRQHandler  stm32l4xx_it.o
    0x08000908   0x08000908   0x00000010   Code   RO          435    i.EXTI3_IRQHandler  stm32l4xx_it.o
    0x08000918   0x08000918   0x00000010   Code   RO          436    i.EXTI4_IRQHandler  stm32l4xx_it.o
    0x08000928   0x08000928   0x00000024   Code   RO          437    i.EXTI9_5_IRQHandler  stm32l4xx_it.o
    0x0800094c   0x0800094c   0x00000004   Code   RO           13    i.Error_Handler     main.o
    0x08000950   0x08000950   0x0000004c   Code   RO         4208    i.GetKeyValue       key.o
    0x0800099c   0x0800099c   0x0000018c   Code   RO          193    i.GpioInit          gpio.o
    0x08000b28   0x08000b28   0x0000004a   Code   RO         1799    i.HAL_DMA_Abort     stm32l4xx_hal_dma.o
    0x08000b72   0x08000b72   0x0000004e   Code   RO         1800    i.HAL_DMA_Abort_IT  stm32l4xx_hal_dma.o
    0x08000bc0   0x08000bc0   0x00000002   Code   RO         1697    i.HAL_GPIO_EXTI_Callback  stm32l4xx_hal_gpio.o
    0x08000bc2   0x08000bc2   0x00000002   PAD
    0x08000bc4   0x08000bc4   0x00000018   Code   RO         1698    i.HAL_GPIO_EXTI_IRQHandler  stm32l4xx_hal_gpio.o
    0x08000bdc   0x08000bdc   0x0000021e   Code   RO         1699    i.HAL_GPIO_Init     stm32l4xx_hal_gpio.o
    0x08000dfa   0x08000dfa   0x0000000a   Code   RO         1701    i.HAL_GPIO_ReadPin  stm32l4xx_hal_gpio.o
    0x08000e04   0x08000e04   0x0000000a   Code   RO         1703    i.HAL_GPIO_WritePin  stm32l4xx_hal_gpio.o
    0x08000e0e   0x08000e0e   0x00000002   PAD
    0x08000e10   0x08000e10   0x0000000c   Code   RO         1007    i.HAL_GetTick       stm32l4xx_hal.o
    0x08000e1c   0x08000e1c   0x00000010   Code   RO         1013    i.HAL_IncTick       stm32l4xx_hal.o
    0x08000e2c   0x08000e2c   0x0000001e   Code   RO         1014    i.HAL_Init          stm32l4xx_hal.o
    0x08000e4a   0x08000e4a   0x00000002   PAD
    0x08000e4c   0x08000e4c   0x00000044   Code   RO         1015    i.HAL_InitTick      stm32l4xx_hal.o
    0x08000e90   0x08000e90   0x0000002c   Code   RO          560    i.HAL_MspInit       stm32l4xx_hal_msp.o
    0x08000ebc   0x08000ebc   0x0000001a   Code   RO         2294    i.HAL_NVIC_EnableIRQ  stm32l4xx_hal_cortex.o
    0x08000ed6   0x08000ed6   0x00000002   PAD
    0x08000ed8   0x08000ed8   0x00000040   Code   RO         2300    i.HAL_NVIC_SetPriority  stm32l4xx_hal_cortex.o
    0x08000f18   0x08000f18   0x00000024   Code   RO         2301    i.HAL_NVIC_SetPriorityGrouping  stm32l4xx_hal_cortex.o
    0x08000f3c   0x08000f3c   0x00000068   Code   RO         2026    i.HAL_PWREx_ControlVoltageScaling  stm32l4xx_hal_pwr_ex.o
    0x08000fa4   0x08000fa4   0x00000010   Code   RO         2059    i.HAL_PWREx_GetVoltageRange  stm32l4xx_hal_pwr_ex.o
    0x08000fb4   0x08000fb4   0x00000010   Code   RO         1918    i.HAL_PWR_EnableBkUpAccess  stm32l4xx_hal_pwr.o
    0x08000fc4   0x08000fc4   0x000003ae   Code   RO         1352    i.HAL_RCCEx_PeriphCLKConfig  stm32l4xx_hal_rcc_ex.o
    0x08001372   0x08001372   0x00000002   PAD
    0x08001374   0x08001374   0x00000144   Code   RO         1231    i.HAL_RCC_ClockConfig  stm32l4xx_hal_rcc.o
    0x080014b8   0x080014b8   0x00000024   Code   RO         1237    i.HAL_RCC_GetPCLK1Freq  stm32l4xx_hal_rcc.o
    0x080014dc   0x080014dc   0x00000024   Code   RO         1238    i.HAL_RCC_GetPCLK2Freq  stm32l4xx_hal_rcc.o
    0x08001500   0x08001500   0x000000a4   Code   RO         1240    i.HAL_RCC_GetSysClockFreq  stm32l4xx_hal_rcc.o
    0x080015a4   0x080015a4   0x00000518   Code   RO         1243    i.HAL_RCC_OscConfig  stm32l4xx_hal_rcc.o
    0x08001abc   0x08001abc   0x00000044   Code   RO          594    i.HAL_RTC_GetDate   stm32l4xx_hal_rtc.o
    0x08001b00   0x08001b00   0x00000054   Code   RO          596    i.HAL_RTC_GetTime   stm32l4xx_hal_rtc.o
    0x08001b54   0x08001b54   0x000000b0   Code   RO          597    i.HAL_RTC_Init      stm32l4xx_hal_rtc.o
    0x08001c04   0x08001c04   0x00000020   Code   RO          223    i.HAL_RTC_MspDeInit  rtc.o
    0x08001c24   0x08001c24   0x00000044   Code   RO          224    i.HAL_RTC_MspInit   rtc.o
    0x08001c68   0x08001c68   0x000000a0   Code   RO          603    i.HAL_RTC_SetDate   stm32l4xx_hal_rtc.o
    0x08001d08   0x08001d08   0x000000cc   Code   RO          604    i.HAL_RTC_SetTime   stm32l4xx_hal_rtc.o
    0x08001dd4   0x08001dd4   0x00000038   Code   RO          605    i.HAL_RTC_WaitForSynchro  stm32l4xx_hal_rtc.o
    0x08001e0c   0x08001e0c   0x00000018   Code   RO         2303    i.HAL_SYSTICK_CLKSourceConfig  stm32l4xx_hal_cortex.o
    0x08001e24   0x08001e24   0x00000028   Code   RO         2305    i.HAL_SYSTICK_Config  stm32l4xx_hal_cortex.o
    0x08001e4c   0x08001e4c   0x00000002   Code   RO         3212    i.HAL_TIMEx_Break2Callback  stm32l4xx_hal_tim_ex.o
    0x08001e4e   0x08001e4e   0x00000002   Code   RO         3213    i.HAL_TIMEx_BreakCallback  stm32l4xx_hal_tim_ex.o
    0x08001e50   0x08001e50   0x00000002   Code   RO         3214    i.HAL_TIMEx_CommutCallback  stm32l4xx_hal_tim_ex.o
    0x08001e52   0x08001e52   0x00000002   PAD
    0x08001e54   0x08001e54   0x0000009c   Code   RO         3234    i.HAL_TIMEx_MasterConfigSynchronization  stm32l4xx_hal_tim_ex.o
    0x08001ef0   0x08001ef0   0x00000062   Code   RO         2498    i.HAL_TIM_Base_Init  stm32l4xx_hal_tim.o
    0x08001f52   0x08001f52   0x00000002   PAD
    0x08001f54   0x08001f54   0x00000060   Code   RO          268    i.HAL_TIM_Base_MspInit  tim.o
    0x08001fb4   0x08001fb4   0x00000080   Code   RO         2503    i.HAL_TIM_Base_Start_IT  stm32l4xx_hal_tim.o
    0x08002034   0x08002034   0x000000e0   Code   RO         2507    i.HAL_TIM_ConfigClockSource  stm32l4xx_hal_tim.o
    0x08002114   0x08002114   0x00000002   Code   RO         2532    i.HAL_TIM_IC_CaptureCallback  stm32l4xx_hal_tim.o
    0x08002116   0x08002116   0x00000146   Code   RO         2546    i.HAL_TIM_IRQHandler  stm32l4xx_hal_tim.o
    0x0800225c   0x0800225c   0x00000002   Code   RO         2549    i.HAL_TIM_OC_DelayElapsedCallback  stm32l4xx_hal_tim.o
    0x0800225e   0x0800225e   0x00000002   Code   RO         2576    i.HAL_TIM_PWM_PulseFinishedCallback  stm32l4xx_hal_tim.o
    0x08002260   0x08002260   0x00000158   Code   RO          269    i.HAL_TIM_PeriodElapsedCallback  tim.o
    0x080023b8   0x080023b8   0x00000002   Code   RO         2589    i.HAL_TIM_TriggerCallback  stm32l4xx_hal_tim.o
    0x080023ba   0x080023ba   0x0000004e   Code   RO         3898    i.HAL_UARTEx_ReceiveToIdle_IT  stm32l4xx_hal_uart_ex.o
    0x08002408   0x08002408   0x000000a4   Code   RO          438    i.HAL_UARTEx_RxEventCallback  stm32l4xx_it.o
    0x080024ac   0x080024ac   0x00000002   Code   RO         3900    i.HAL_UARTEx_WakeupCallback  stm32l4xx_hal_uart_ex.o
    0x080024ae   0x080024ae   0x00000002   Code   RO         3522    i.HAL_UART_ErrorCallback  stm32l4xx_hal_uart.o
    0x080024b0   0x080024b0   0x000002b8   Code   RO         3525    i.HAL_UART_IRQHandler  stm32l4xx_hal_uart.o
    0x08002768   0x08002768   0x00000066   Code   RO         3526    i.HAL_UART_Init     stm32l4xx_hal_uart.o
    0x080027ce   0x080027ce   0x00000002   PAD
    0x080027d0   0x080027d0   0x00000088   Code   RO          326    i.HAL_UART_MspInit  usart.o
    0x08002858   0x08002858   0x00000002   Code   RO         3533    i.HAL_UART_RxCpltCallback  stm32l4xx_hal_uart.o
    0x0800285a   0x0800285a   0x00000002   Code   RO         3538    i.HAL_UART_TxCpltCallback  stm32l4xx_hal_uart.o
    0x0800285c   0x0800285c   0x00000002   Code   RO          439    i.HardFault_Handler  stm32l4xx_it.o
    0x0800285e   0x0800285e   0x00000002   PAD
    0x08002860   0x08002860   0x000000d0   Code   RO         4209    i.KeyDeal           key.o
    0x08002930   0x08002930   0x00000012   Code   RO         4073    i.LCDClrDisplay     lcd_st7920.o
    0x08002942   0x08002942   0x00000002   PAD
    0x08002944   0x08002944   0x000000e8   Code   RO         4074    i.LCD_Display       lcd_st7920.o
    0x08002a2c   0x08002a2c   0x00000028   Code   RO         4075    i.LCD_ST7920_DataIO_Set_In  lcd_st7920.o
    0x08002a54   0x08002a54   0x00000030   Code   RO         4076    i.LCD_ST7920_DataIO_Set_Out  lcd_st7920.o
    0x08002a84   0x08002a84   0x0000003c   Code   RO         4077    i.LCD_ST7920_DeInit  lcd_st7920.o
    0x08002ac0   0x08002ac0   0x00000054   Code   RO         4078    i.LCD_ST7920_Init   lcd_st7920.o
    0x08002b14   0x08002b14   0x00000042   Code   RO         4079    i.LCD_ST7920_SetAddress  lcd_st7920.o
    0x08002b56   0x08002b56   0x0000001c   Code   RO         4081    i.LCD_ST7920_ShowStr  lcd_st7920.o
    0x08002b72   0x08002b72   0x00000002   PAD
    0x08002b74   0x08002b74   0x00000064   Code   RO         4082    i.LCD_ST7920_WriteCmd  lcd_st7920.o
    0x08002bd8   0x08002bd8   0x00000060   Code   RO         4083    i.LCD_ST7920_WriteData  lcd_st7920.o
    0x08002c38   0x08002c38   0x00000030   Code   RO         4042    i.LED_TOGGLE        led.o
    0x08002c68   0x08002c68   0x00000004   Code   RO         4292    i.LOW_PWR_Enter     low_pwr.o
    0x08002c6c   0x08002c6c   0x00000004   Code   RO         4293    i.LOW_PWR_Exit      low_pwr.o
    0x08002c70   0x08002c70   0x00000010   Code   RO         4294    i.LOW_PWR_Init      low_pwr.o
    0x08002c80   0x08002c80   0x000000c4   Code   RO          194    i.MX_GPIO_Init      gpio.o
    0x08002d44   0x08002d44   0x00000084   Code   RO          225    i.MX_RTC_Init       rtc.o
    0x08002dc8   0x08002dc8   0x0000006c   Code   RO          270    i.MX_TIM2_Init      tim.o
    0x08002e34   0x08002e34   0x0000006c   Code   RO          271    i.MX_TIM3_Init      tim.o
    0x08002ea0   0x08002ea0   0x0000005c   Code   RO          327    i.MX_USART2_UART_Init  usart.o
    0x08002efc   0x08002efc   0x00000002   Code   RO          440    i.MemManage_Handler  stm32l4xx_it.o
    0x08002efe   0x08002efe   0x00000002   Code   RO          441    i.NMI_Handler       stm32l4xx_it.o
    0x08002f00   0x08002f00   0x00000002   Code   RO          442    i.PendSV_Handler    stm32l4xx_it.o
    0x08002f02   0x08002f02   0x00000002   PAD
    0x08002f04   0x08002f04   0x00000094   Code   RO          328    i.Protocal_DATE     usart.o
    0x08002f98   0x08002f98   0x0000006c   Code   RO          329    i.Protocal_TIME     usart.o
    0x08003004   0x08003004   0x0000012c   Code   RO         1356    i.RCCEx_PLLSAI1_Config  stm32l4xx_hal_rcc_ex.o
    0x08003130   0x08003130   0x00000108   Code   RO         1357    i.RCCEx_PLLSAI2_Config  stm32l4xx_hal_rcc_ex.o
    0x08003238   0x08003238   0x0000007c   Code   RO         1244    i.RCC_SetFlashLatencyFromMSIRange  stm32l4xx_hal_rcc.o
    0x080032b4   0x080032b4   0x00000012   Code   RO          606    i.RTC_Bcd2ToByte    stm32l4xx_hal_rtc.o
    0x080032c6   0x080032c6   0x00000018   Code   RO          607    i.RTC_ByteToBcd2    stm32l4xx_hal_rtc.o
    0x080032de   0x080032de   0x00000002   PAD
    0x080032e0   0x080032e0   0x00000046   Code   RO          608    i.RTC_EnterInitMode  stm32l4xx_hal_rtc.o
    0x08003326   0x08003326   0x00000002   PAD
    0x08003328   0x08003328   0x00000058   Code   RO          609    i.RTC_ExitInitMode  stm32l4xx_hal_rtc.o
    0x08003380   0x08003380   0x00000002   Code   RO          443    i.SVC_Handler       stm32l4xx_it.o
    0x08003382   0x08003382   0x00000004   Code   RO          444    i.SysTick_Handler   stm32l4xx_it.o
    0x08003386   0x08003386   0x00000002   PAD
    0x08003388   0x08003388   0x0000008c   Code   RO           14    i.SystemClock_Config  main.o
    0x08003414   0x08003414   0x00000010   Code   RO         3980    i.SystemInit        system_stm32l4xx.o
    0x08003424   0x08003424   0x0000000c   Code   RO          445    i.TIM2_IRQHandler   stm32l4xx_it.o
    0x08003430   0x08003430   0x0000000c   Code   RO          446    i.TIM3_IRQHandler   stm32l4xx_it.o
    0x0800343c   0x0800343c   0x000000c0   Code   RO         2591    i.TIM_Base_SetConfig  stm32l4xx_hal_tim.o
    0x080034fc   0x080034fc   0x00000014   Code   RO         2602    i.TIM_ETR_SetConfig  stm32l4xx_hal_tim.o
    0x08003510   0x08003510   0x00000010   Code   RO         2603    i.TIM_ITRx_SetConfig  stm32l4xx_hal_tim.o
    0x08003520   0x08003520   0x00000022   Code   RO         2611    i.TIM_TI1_ConfigInputStage  stm32l4xx_hal_tim.o
    0x08003542   0x08003542   0x00000024   Code   RO         2613    i.TIM_TI2_ConfigInputStage  stm32l4xx_hal_tim.o
    0x08003566   0x08003566   0x000000c8   Code   RO         3540    i.UART_AdvFeatureConfig  stm32l4xx_hal_uart.o
    0x0800362e   0x0800362e   0x000000a8   Code   RO         3541    i.UART_CheckIdleState  stm32l4xx_hal_uart.o
    0x080036d6   0x080036d6   0x00000014   Code   RO         3542    i.UART_DMAAbortOnError  stm32l4xx_hal_uart.o
    0x080036ea   0x080036ea   0x0000004c   Code   RO         3552    i.UART_EndRxTransfer  stm32l4xx_hal_uart.o
    0x08003736   0x08003736   0x00000002   PAD
    0x08003738   0x08003738   0x000000c8   Code   RO         3554    i.UART_RxISR_16BIT  stm32l4xx_hal_uart.o
    0x08003800   0x08003800   0x000000c8   Code   RO         3555    i.UART_RxISR_8BIT   stm32l4xx_hal_uart.o
    0x080038c8   0x080038c8   0x00000248   Code   RO         3556    i.UART_SetConfig    stm32l4xx_hal_uart.o
    0x08003b10   0x08003b10   0x000000b8   Code   RO         3558    i.UART_Start_Receive_IT  stm32l4xx_hal_uart.o
    0x08003bc8   0x08003bc8   0x0000008c   Code   RO         3561    i.UART_WaitOnFlagUntilTimeout  stm32l4xx_hal_uart.o
    0x08003c54   0x08003c54   0x00000014   Code   RO          330    i.USART2SendByte    usart.o
    0x08003c68   0x08003c68   0x0000001a   Code   RO          331    i.USART2Write       usart.o
    0x08003c82   0x08003c82   0x00000016   Code   RO          333    i.USART2_BUF_INIT   usart.o
    0x08003c98   0x08003c98   0x00000014   Code   RO          334    i.USART2_CLEAR_BUF  usart.o
    0x08003cac   0x08003cac   0x00000024   Code   RO          447    i.USART2_IRQHandler  stm32l4xx_it.o
    0x08003cd0   0x08003cd0   0x00000044   Code   RO          335    i.USART2_Modify_DATE  usart.o
    0x08003d14   0x08003d14   0x00000044   Code   RO          336    i.USART2_Modify_TIME  usart.o
    0x08003d58   0x08003d58   0x00000002   Code   RO          448    i.UsageFault_Handler  stm32l4xx_it.o
    0x08003d5a   0x08003d5a   0x00000002   PAD
    0x08003d5c   0x08003d5c   0x00000020   Code   RO         4575    i.__0printf         mc_w.l(printfa.o)
    0x08003d7c   0x08003d7c   0x00000028   Code   RO         4577    i.__0sprintf        mc_w.l(printfa.o)
    0x08003da4   0x08003da4   0x00000020   Code   RO         2307    i.__NVIC_SetPriority  stm32l4xx_hal_cortex.o
    0x08003dc4   0x08003dc4   0x0000000e   Code   RO         4651    i.__scatterload_copy  mc_w.l(handlers.o)
    0x08003dd2   0x08003dd2   0x00000002   Code   RO         4652    i.__scatterload_null  mc_w.l(handlers.o)
    0x08003dd4   0x08003dd4   0x0000000e   Code   RO         4653    i.__scatterload_zeroinit  mc_w.l(handlers.o)
    0x08003de2   0x08003de2   0x00000002   PAD
    0x08003de4   0x08003de4   0x0000018a   Code   RO         4582    i._fp_digits        mc_w.l(printfa.o)
    0x08003f6e   0x08003f6e   0x00000002   PAD
    0x08003f70   0x08003f70   0x000006ba   Code   RO         4583    i._printf_core      mc_w.l(printfa.o)
    0x0800462a   0x0800462a   0x00000024   Code   RO         4584    i._printf_post_padding  mc_w.l(printfa.o)
    0x0800464e   0x0800464e   0x0000002e   Code   RO         4585    i._printf_pre_padding  mc_w.l(printfa.o)
    0x0800467c   0x0800467c   0x0000000a   Code   RO         4587    i._sputc            mc_w.l(printfa.o)
    0x08004686   0x08004686   0x00000002   PAD
    0x08004688   0x08004688   0x00000018   Code   RO          337    i.fputc             usart.o
    0x080046a0   0x080046a0   0x000000f0   Code   RO           15    i.main              main.o
    0x08004790   0x08004790   0x00000040   Data   RO         3981    .constdata          system_stm32l4xx.o
    0x080047d0   0x080047d0   0x00000008   Data   RO         3982    .constdata          system_stm32l4xx.o
    0x080047d8   0x080047d8   0x00000020   Data   RO         4649    Region$$Table       anon$$obj.o


    Execution Region RW_IRAM2 (Exec base: 0x10000000, Load base: 0x08004840, Size: 0x00000000, Max: 0x00008000, ABSOLUTE)

    **** No section assigned to this execution region ****


    Execution Region RW_IRAM1 (Exec base: 0x20000000, Load base: 0x080047f8, Size: 0x000005f0, Max: 0x00018000, ABSOLUTE)

    Exec Addr    Load Addr    Size         Type   Attr      Idx    E Section Name        Object

    0x20000000   0x080047f8   0x00000004   Data   RW          228    .data               rtc.o
    0x20000004   0x080047fc   0x00000007   Data   RW          339    .data               usart.o
    0x2000000b   0x08004803   0x00000001   PAD
    0x2000000c   0x08004804   0x0000000c   Data   RW         1031    .data               stm32l4xx_hal.o
    0x20000018   0x08004810   0x00000004   Data   RW         3983    .data               system_stm32l4xx.o
    0x2000001c   0x08004814   0x00000001   Data   RW         4085    .data               lcd_st7920.o
    0x2000001d   0x08004815   0x00000003   PAD
    0x20000020   0x08004818   0x00000008   Data   RW         4173    .data               delay.o
    0x20000028   0x08004820   0x00000003   Data   RW         4210    .data               key.o
    0x2000002b   0x08004823   0x00000001   PAD
    0x2000002c   0x08004824   0x00000010   Data   RW         4211    .data               key.o
    0x2000003c   0x08004834   0x00000008   Data   RW         4295    .data               low_pwr.o
    0x20000044   0x0800483c   0x00000004   Data   RW         4625    .data               mc_w.l(stdout.o)
    0x20000048        -       0x00000014   Zero   RW          226    .bss                rtc.o
    0x2000005c        -       0x00000024   Zero   RW          227    .bss                rtc.o
    0x20000080        -       0x00000098   Zero   RW          272    .bss                tim.o
    0x20000118        -       0x000000a4   Zero   RW          338    .bss                usart.o
    0x200001bc        -       0x00000032   Zero   RW         4084    .bss                lcd_st7920.o
    0x200001ee   0x08004840   0x00000002   PAD
    0x200001f0        -       0x00000400   Zero   RW            1    STACK               startup_stm32l476xx.o


==============================================================================

Image component sizes


      Code (inc. data)   RO Data    RW Data    ZI Data      Debug   Object Name

       132         18          0          8          0       1760   delay.o
       592         30          0          0          0       1994   gpio.o
       284        128          0         19          0       1924   key.o
       864        182          0          1         50       8918   lcd_st7920.o
        48          0          0          0          0        493   led.o
        24          6          0          8          0       1967   low_pwr.o
       384         96          0          0          0     853568   main.o
       232         28          0          4         56       2393   rtc.o
        36          8        392          0       1024        840   startup_stm32l476xx.o
       126         20          0         12          0      13901   stm32l4xx_hal.o
       222         14          0          0          0      34525   stm32l4xx_hal_cortex.o
       152          0          0          0          0       1919   stm32l4xx_hal_dma.o
       588         42          0          0          0       4339   stm32l4xx_hal_gpio.o
        44          6          0          0          0        986   stm32l4xx_hal_msp.o
        16          4          0          0          0        551   stm32l4xx_hal_pwr.o
       120         20          0          0          0       1374   stm32l4xx_hal_pwr_ex.o
      1988         98          0          0          0       7076   stm32l4xx_hal_rcc.o
      1506         44          0          0          0       4192   stm32l4xx_hal_rcc_ex.o
       948         38          0          0          0       8417   stm32l4xx_hal_rtc.o
      1082         64          0          0          0      10549   stm32l4xx_hal_tim.o
       162         26          0          0          0       3248   stm32l4xx_hal_tim_ex.o
      2576         88          0          0          0      12908   stm32l4xx_hal_uart.o
        80          0          0          0          0       2074   stm32l4xx_hal_uart_ex.o
       328         86          0          0          0       8819   stm32l4xx_it.o
         0          0          0          0          0        716   sys.o
        16          4         72          4          0       1321   system_stm32l4xx.o
       656         76          0          0        152       3319   tim.o
       732        114          0          7        164       8999   usart.o

    ----------------------------------------------------------------------
     13976       1240        496         68       1448    1003090   Object Totals
         0          0         32          0          0          0   (incl. Generated)
        38          0          0          5          2          0   (incl. Padding)

    ----------------------------------------------------------------------

      Code (inc. data)   RO Data    RW Data    ZI Data      Debug   Library Member Name

         0          0          0          0          0          0   entry.o
         0          0          0          0          0          0   entry10a.o
         0          0          0          0          0          0   entry11a.o
         4          0          0          0          0          0   entry12b.o
         8          4          0          0          0          0   entry2.o
         4          0          0          0          0          0   entry5.o
         0          0          0          0          0          0   entry7b.o
         0          0          0          0          0          0   entry8b.o
         8          4          0          0          0          0   entry9a.o
        30          0          0          0          0          0   handlers.o
        36          8          0          0          0         68   init.o
         0          0          0          0          0          0   iusefp.o
        30          0          0          0          0         68   llshl.o
        36          0          0          0          0         68   llsshr.o
        32          0          0          0          0         68   llushr.o
        36          0          0          0          0        108   memseta.o
      2280         96          0          0          0        616   printfa.o
         0          0          0          4          0          0   stdout.o
        44          0          0          0          0         80   uidiv.o
       104          0          0          0          0         92   uldiv.o
        48          0          0          0          0         68   cdrcmple.o
        56          0          0          0          0         88   d2f.o
       350          0          0          0          0        148   dadd.o
       222          0          0          0          0        100   ddiv.o
       186          0          0          0          0        176   depilogue.o
        48          0          0          0          0         68   dfixul.o
       234          0          0          0          0         96   dmul.o
        38          0          0          0          0         68   f2d.o
       110          0          0          0          0        168   fepilogue.o

    ----------------------------------------------------------------------
      3952        112          0          4          0       2148   Library Totals
         8          0          0          0          0          0   (incl. Padding)

    ----------------------------------------------------------------------

      Code (inc. data)   RO Data    RW Data    ZI Data      Debug   Library Name

      2652        112          0          4          0       1168   mc_w.l
      1292          0          0          0          0        980   mf_w.l

    ----------------------------------------------------------------------
      3952        112          0          4          0       2148   Library Totals

    ----------------------------------------------------------------------

==============================================================================


      Code (inc. data)   RO Data    RW Data    ZI Data      Debug   

     17928       1352        496         72       1448     991802   Grand Totals
     17928       1352        496         72       1448     991802   ELF Image Totals
     17928       1352        496         72          0          0   ROM Totals

==============================================================================

    Total RO  Size (Code + RO Data)                18424 (  17.99kB)
    Total RW  Size (RW Data + ZI Data)              1520 (   1.48kB)
    Total ROM Size (Code + RO Data + RW Data)      18496 (  18.06kB)

==============================================================================

